19:29:29.641 [main] DEBUG org.apache.poi.openxml4j.opc.PackageRelationshipCollection - Parsing relationship: /xl/_rels/workbook.xml.rels
19:29:29.674 [main] DEBUG org.apache.poi.openxml4j.opc.PackageRelationshipCollection - Parsing relationship: /xl/worksheets/_rels/sheet1.xml.rels
19:29:29.680 [main] DEBUG org.apache.poi.openxml4j.opc.PackageRelationshipCollection - Parsing relationship: /_rels/.rels
19:29:29.727 [main] DEBUG org.apache.poi.openxml4j.opc.PackageRelationshipCollection - Parsing relationship: /xl/_rels/workbook.xml.rels
19:29:29.729 [main] DEBUG org.apache.poi.openxml4j.opc.PackageRelationshipCollection - Parsing relationship: /xl/worksheets/_rels/sheet1.xml.rels
19:29:29.731 [main] DEBUG org.apache.poi.openxml4j.opc.PackageRelationshipCollection - Parsing relationship: /_rels/.rels
19:29:29.774 [main] DEBUG org.apache.poi.openxml4j.opc.PackageRelationshipCollection - Parsing relationship: /xl/_rels/workbook.xml.rels
19:29:29.777 [main] DEBUG org.apache.poi.openxml4j.opc.PackageRelationshipCollection - Parsing relationship: /xl/worksheets/_rels/sheet1.xml.rels
19:29:29.778 [main] DEBUG org.apache.poi.openxml4j.opc.PackageRelationshipCollection - Parsing relationship: /_rels/.rels
19:29:29.820 [main] DEBUG org.apache.poi.openxml4j.opc.PackageRelationshipCollection - Parsing relationship: /xl/_rels/workbook.xml.rels
19:29:29.821 [main] DEBUG org.apache.poi.openxml4j.opc.PackageRelationshipCollection - Parsing relationship: /xl/worksheets/_rels/sheet1.xml.rels
19:29:29.823 [main] DEBUG org.apache.poi.openxml4j.opc.PackageRelationshipCollection - Parsing relationship: /_rels/.rels
19:29:29.865 [main] DEBUG org.apache.poi.openxml4j.opc.PackageRelationshipCollection - Parsing relationship: /xl/_rels/workbook.xml.rels
19:29:29.866 [main] DEBUG org.apache.poi.openxml4j.opc.PackageRelationshipCollection - Parsing relationship: /xl/worksheets/_rels/sheet1.xml.rels
19:29:29.868 [main] DEBUG org.apache.poi.openxml4j.opc.PackageRelationshipCollection - Parsing relationship: /_rels/.rels
19:29:29.914 [main] DEBUG org.apache.poi.openxml4j.opc.PackageRelationshipCollection - Parsing relationship: /xl/_rels/workbook.xml.rels
19:29:29.915 [main] DEBUG org.apache.poi.openxml4j.opc.PackageRelationshipCollection - Parsing relationship: /xl/worksheets/_rels/sheet1.xml.rels
19:29:29.916 [main] DEBUG org.apache.poi.openxml4j.opc.PackageRelationshipCollection - Parsing relationship: /_rels/.rels
19:29:29.962 [main] DEBUG org.apache.poi.openxml4j.opc.PackageRelationshipCollection - Parsing relationship: /xl/_rels/workbook.xml.rels
19:29:29.963 [main] DEBUG org.apache.poi.openxml4j.opc.PackageRelationshipCollection - Parsing relationship: /xl/worksheets/_rels/sheet1.xml.rels
19:29:29.964 [main] DEBUG org.apache.poi.openxml4j.opc.PackageRelationshipCollection - Parsing relationship: /_rels/.rels
19:29:30.004 [main] DEBUG org.apache.poi.openxml4j.opc.PackageRelationshipCollection - Parsing relationship: /xl/_rels/workbook.xml.rels
19:29:30.005 [main] DEBUG org.apache.poi.openxml4j.opc.PackageRelationshipCollection - Parsing relationship: /xl/worksheets/_rels/sheet1.xml.rels
19:29:30.006 [main] DEBUG org.apache.poi.openxml4j.opc.PackageRelationshipCollection - Parsing relationship: /_rels/.rels
19:29:30.071 [main] INFO  testCases.TC003_LoginDDT - *** Starting TC003_LoginDDT ***
19:29:32.465 [main] INFO  testCases.TC003_LoginDDT - *** Finished TC003_LoginDDT ***
19:29:32.472 [main] INFO  testCases.TC003_LoginDDT - *** Starting TC003_LoginDDT ***
19:29:44.112 [main] INFO  testCases.TC003_LoginDDT - *** Finished TC003_LoginDDT ***
19:29:44.119 [main] INFO  testCases.TC003_LoginDDT - *** Starting TC003_LoginDDT ***
19:29:55.877 [main] INFO  testCases.TC003_LoginDDT - *** Finished TC003_LoginDDT ***
19:29:55.885 [main] INFO  testCases.TC003_LoginDDT - *** Starting TC003_LoginDDT ***
19:30:07.335 [main] INFO  testCases.TC003_LoginDDT - *** Finished TC003_LoginDDT ***
19:30:07.342 [main] INFO  testCases.TC003_LoginDDT - *** Starting TC003_LoginDDT ***
19:30:27.746 [main] INFO  testCases.TC003_LoginDDT - *** Finished TC003_LoginDDT ***
18:27:18.020 [main] DEBUG org.testng.TestNG - suiteXmlPath: "C:\Automation\myworkspaces\SeleniumWebDriver\OpencartV121\grouping.xml"
18:27:18.799 [main] INFO  org.testng.internal.Utils - [TestNG] Running:
  C:\Automation\myworkspaces\SeleniumWebDriver\OpencartV121\grouping.xml

18:27:34.887 [main] INFO  testCases.TC001_AccountRegistrationTest - **** Starting TC001_AccountRegistrationTest ****
18:27:35.525 [main] INFO  testCases.TC001_AccountRegistrationTest - Clicked on MyAccount Link..
18:27:36.087 [main] INFO  testCases.TC001_AccountRegistrationTest - Clicked on Register Link..
18:27:36.125 [main] INFO  testCases.TC001_AccountRegistrationTest - Providing customer details..
18:27:38.437 [main] INFO  testCases.TC001_AccountRegistrationTest - Validating expected message..
18:27:38.600 [main] INFO  testCases.TC001_AccountRegistrationTest - *** Finished TC001_AccountRegistrationTest ***
18:27:43.632 [main] INFO  testCases.TC002_LoginTest - *** Starting TC002_LoginTest ***
18:27:44.707 [main] INFO  testCases.TC002_LoginTest - Clicked on MyAccount Link..
18:27:45.025 [main] INFO  testCases.TC002_LoginTest - Clicked on Login Link..
18:27:45.059 [main] INFO  testCases.TC002_LoginTest - Providing login details..
18:27:45.551 [main] INFO  testCases.TC002_LoginTest - Confirmed MyAccount Page is Exits..
18:27:46.329 [main] INFO  testCases.TC002_LoginTest - *** Finished TC002_LoginTest ***
18:30:26.843 [main] DEBUG org.testng.TestNG - suiteXmlPath: "C:\Automation\myworkspaces\SeleniumWebDriver\OpencartV121\grouping.xml"
18:30:27.338 [main] INFO  org.testng.internal.Utils - [TestNG] Running:
  C:\Automation\myworkspaces\SeleniumWebDriver\OpencartV121\grouping.xml

18:30:33.265 [main] INFO  testCases.TC002_LoginTest - *** Starting TC002_LoginTest ***
18:30:33.449 [main] INFO  testCases.TC002_LoginTest - Clicked on MyAccount Link..
18:30:33.751 [main] INFO  testCases.TC002_LoginTest - Clicked on Login Link..
18:30:33.753 [main] INFO  testCases.TC002_LoginTest - Providing login details..
18:30:34.209 [main] INFO  testCases.TC002_LoginTest - Confirmed MyAccount Page is Exits..
18:30:35.194 [main] INFO  testCases.TC002_LoginTest - *** Finished TC002_LoginTest ***
18:33:38.809 [main] DEBUG org.testng.TestNG - suiteXmlPath: "C:\Automation\myworkspaces\SeleniumWebDriver\OpencartV121\grouping.xml"
18:33:39.425 [main] INFO  org.testng.internal.Utils - [TestNG] Running:
  C:\Automation\myworkspaces\SeleniumWebDriver\OpencartV121\grouping.xml

18:33:50.141 [main] INFO  testCases.TC001_AccountRegistrationTest - **** Starting TC001_AccountRegistrationTest ****
18:33:50.368 [main] INFO  testCases.TC001_AccountRegistrationTest - Clicked on MyAccount Link..
18:33:50.941 [main] INFO  testCases.TC001_AccountRegistrationTest - Clicked on Register Link..
18:33:50.948 [main] INFO  testCases.TC001_AccountRegistrationTest - Providing customer details..
18:33:53.053 [main] INFO  testCases.TC001_AccountRegistrationTest - Validating expected message..
18:33:53.166 [main] INFO  testCases.TC001_AccountRegistrationTest - *** Finished TC001_AccountRegistrationTest ***
19:49:33.567 [main] DEBUG org.testng.TestNG - suiteXmlPath: "C:\Automation\myworkspaces\SeleniumWebDriver\OpencartV121\grouping.xml"
19:49:34.086 [main] INFO  org.testng.internal.Utils - [TestNG] Running:
  C:\Automation\myworkspaces\SeleniumWebDriver\OpencartV121\grouping.xml

19:49:43.666 [main] INFO  testCases.TC001_AccountRegistrationTest - **** Starting TC001_AccountRegistrationTest ****
19:49:44.632 [main] INFO  testCases.TC001_AccountRegistrationTest - Clicked on MyAccount Link..
19:49:45.192 [main] INFO  testCases.TC001_AccountRegistrationTest - Clicked on Register Link..
19:49:45.194 [main] INFO  testCases.TC001_AccountRegistrationTest - Providing customer details..
19:49:46.958 [main] INFO  testCases.TC001_AccountRegistrationTest - Validating expected message..
19:49:47.015 [main] INFO  testCases.TC001_AccountRegistrationTest - *** Finished TC001_AccountRegistrationTest ***
19:50:53.152 [main] DEBUG org.testng.TestNG - suiteXmlPath: "C:\Automation\myworkspaces\SeleniumWebDriver\OpencartV121\grouping.xml"
19:50:53.634 [main] INFO  org.testng.internal.Utils - [TestNG] Running:
  C:\Automation\myworkspaces\SeleniumWebDriver\OpencartV121\grouping.xml

19:50:59.152 [main] INFO  testCases.TC001_AccountRegistrationTest - **** Starting TC001_AccountRegistrationTest ****
19:50:59.931 [main] INFO  testCases.TC001_AccountRegistrationTest - Clicked on MyAccount Link..
19:51:00.513 [main] INFO  testCases.TC001_AccountRegistrationTest - Clicked on Register Link..
19:51:00.518 [main] INFO  testCases.TC001_AccountRegistrationTest - Providing customer details..
19:51:02.403 [main] INFO  testCases.TC001_AccountRegistrationTest - Validating expected message..
19:51:02.466 [main] INFO  testCases.TC001_AccountRegistrationTest - *** Finished TC001_AccountRegistrationTest ***
19:51:08.246 [main] INFO  testCases.TC002_LoginTest - *** Starting TC002_LoginTest ***
19:51:08.719 [main] INFO  testCases.TC002_LoginTest - Clicked on MyAccount Link..
19:51:09.040 [main] INFO  testCases.TC002_LoginTest - Clicked on Login Link..
19:51:09.044 [main] INFO  testCases.TC002_LoginTest - Providing login details..
19:51:09.456 [main] INFO  testCases.TC002_LoginTest - Confirmed MyAccount Page is Exits..
19:51:10.253 [main] INFO  testCases.TC002_LoginTest - *** Finished TC002_LoginTest ***
19:56:52.699 [main] DEBUG org.testng.TestNG - suiteXmlPath: "C:\Automation\myworkspaces\SeleniumWebDriver\OpencartV121\grouping.xml"
19:56:53.190 [main] INFO  org.testng.internal.Utils - [TestNG] Running:
  C:\Automation\myworkspaces\SeleniumWebDriver\OpencartV121\grouping.xml

19:57:00.124 [main] INFO  testCases.TC001_AccountRegistrationTest - **** Starting TC001_AccountRegistrationTest ****
19:57:00.574 [main] INFO  testCases.TC001_AccountRegistrationTest - Clicked on MyAccount Link..
19:57:01.165 [main] INFO  testCases.TC001_AccountRegistrationTest - Clicked on Register Link..
19:57:01.170 [main] INFO  testCases.TC001_AccountRegistrationTest - Providing customer details..
19:57:02.873 [main] INFO  testCases.TC001_AccountRegistrationTest - Validating expected message..
19:57:02.937 [main] INFO  testCases.TC001_AccountRegistrationTest - *** Finished TC001_AccountRegistrationTest ***
19:57:08.425 [main] INFO  testCases.TC002_LoginTest - *** Starting TC002_LoginTest ***
19:57:08.564 [main] INFO  testCases.TC002_LoginTest - Clicked on MyAccount Link..
19:57:08.889 [main] INFO  testCases.TC002_LoginTest - Clicked on Login Link..
19:57:08.891 [main] INFO  testCases.TC002_LoginTest - Providing login details..
19:57:09.411 [main] INFO  testCases.TC002_LoginTest - Confirmed MyAccount Page is Exits..
20:01:49.870 [main] DEBUG org.testng.TestNG - suiteXmlPath: "C:\Automation\myworkspaces\SeleniumWebDriver\OpencartV121\grouping.xml"
20:01:50.329 [main] INFO  org.testng.internal.Utils - [TestNG] Running:
  C:\Automation\myworkspaces\SeleniumWebDriver\OpencartV121\grouping.xml

20:01:55.790 [main] INFO  testCases.TC001_AccountRegistrationTest - **** Starting TC001_AccountRegistrationTest ****
20:02:14.183 [main] INFO  testCases.TC002_LoginTest - *** Starting TC002_LoginTest ***
20:02:14.403 [main] INFO  testCases.TC002_LoginTest - Clicked on MyAccount Link..
20:02:14.783 [main] INFO  testCases.TC002_LoginTest - Clicked on Login Link..
20:02:14.785 [main] INFO  testCases.TC002_LoginTest - Providing login details..
20:02:15.216 [main] INFO  testCases.TC002_LoginTest - Confirmed MyAccount Page is Exits..
20:02:16.072 [main] INFO  testCases.TC002_LoginTest - *** Finished TC002_LoginTest ***
20:02:35.227 [main] DEBUG org.testng.TestNG - suiteXmlPath: "C:\Automation\myworkspaces\SeleniumWebDriver\OpencartV121\grouping.xml"
20:02:35.748 [main] INFO  org.testng.internal.Utils - [TestNG] Running:
  C:\Automation\myworkspaces\SeleniumWebDriver\OpencartV121\grouping.xml

20:02:41.026 [main] INFO  testCases.TC001_AccountRegistrationTest - **** Starting TC001_AccountRegistrationTest ****
20:02:41.688 [main] INFO  testCases.TC001_AccountRegistrationTest - Clicked on MyAccount Link..
20:02:42.187 [main] INFO  testCases.TC001_AccountRegistrationTest - Clicked on Register Link..
20:02:42.192 [main] INFO  testCases.TC001_AccountRegistrationTest - Providing customer details..
20:02:43.998 [main] INFO  testCases.TC001_AccountRegistrationTest - Validating expected message..
20:02:44.042 [main] INFO  testCases.TC001_AccountRegistrationTest - *** Finished TC001_AccountRegistrationTest ***
20:02:48.042 [main] INFO  testCases.TC002_LoginTest - *** Starting TC002_LoginTest ***
20:02:48.740 [main] INFO  testCases.TC002_LoginTest - Clicked on MyAccount Link..
20:02:49.090 [main] INFO  testCases.TC002_LoginTest - Clicked on Login Link..
20:02:49.096 [main] INFO  testCases.TC002_LoginTest - Providing login details..
20:02:49.527 [main] INFO  testCases.TC002_LoginTest - Confirmed MyAccount Page is Exits..
20:02:50.434 [main] INFO  testCases.TC002_LoginTest - *** Finished TC002_LoginTest ***
19:41:33.291 [main] DEBUG org.testng.TestNG - suiteXmlPath: "C:\Automation\myworkspaces\SeleniumWebDriver\OpencartV121\grouping.xml"
19:41:34.267 [main] INFO  org.testng.internal.Utils - [TestNG] Running:
  C:\Automation\myworkspaces\SeleniumWebDriver\OpencartV121\grouping.xml

19:41:53.520 [main] INFO  testCases.TC001_AccountRegistrationTest - **** Starting TC001_AccountRegistrationTest ****
19:41:54.211 [main] INFO  testCases.TC001_AccountRegistrationTest - Clicked on MyAccount Link..
19:41:55.006 [main] INFO  testCases.TC001_AccountRegistrationTest - Clicked on Register Link..
19:41:55.079 [main] INFO  testCases.TC001_AccountRegistrationTest - Providing customer details..
19:41:57.362 [main] INFO  testCases.TC001_AccountRegistrationTest - Validating expected message..
19:41:57.460 [main] INFO  testCases.TC001_AccountRegistrationTest - *** Finished TC001_AccountRegistrationTest ***
19:42:33.188 [main] DEBUG org.testng.TestNG - suiteXmlPath: "C:\Automation\myworkspaces\SeleniumWebDriver\OpencartV121\grouping.xml"
19:42:33.662 [main] INFO  org.testng.internal.Utils - [TestNG] Running:
  C:\Automation\myworkspaces\SeleniumWebDriver\OpencartV121\grouping.xml

19:42:39.102 [main] INFO  testCases.TC001_AccountRegistrationTest - **** Starting TC001_AccountRegistrationTest ****
19:42:41.610 [main] INFO  testCases.TC001_AccountRegistrationTest - Clicked on MyAccount Link..
19:42:42.219 [main] INFO  testCases.TC001_AccountRegistrationTest - Clicked on Register Link..
19:42:42.223 [main] INFO  testCases.TC001_AccountRegistrationTest - Providing customer details..
19:42:43.896 [main] INFO  testCases.TC001_AccountRegistrationTest - Validating expected message..
19:42:43.946 [main] INFO  testCases.TC001_AccountRegistrationTest - *** Finished TC001_AccountRegistrationTest ***
19:42:49.659 [main] INFO  testCases.TC002_LoginTest - *** Starting TC002_LoginTest ***
19:42:49.808 [main] INFO  testCases.TC002_LoginTest - Clicked on MyAccount Link..
19:42:50.133 [main] INFO  testCases.TC002_LoginTest - Clicked on Login Link..
19:42:50.173 [main] INFO  testCases.TC002_LoginTest - Providing login details..
19:42:50.783 [main] INFO  testCases.TC002_LoginTest - Confirmed MyAccount Page is Exits..
19:42:51.445 [main] INFO  testCases.TC002_LoginTest - *** Finished TC002_LoginTest ***
17:50:32.649 [main] DEBUG org.testng.TestNG - suiteXmlPath: "C:\Automation\myworkspaces\SeleniumWebDriver\OpencartV121\grouping.xml"
17:50:33.175 [main] INFO  org.testng.internal.Utils - [TestNG] Running:
  C:\Automation\myworkspaces\SeleniumWebDriver\OpencartV121\grouping.xml

17:50:46.348 [main] INFO  testCases.TC001_AccountRegistrationTest - **** Starting TC001_AccountRegistrationTest ****
17:50:46.570 [main] INFO  testCases.TC001_AccountRegistrationTest - Clicked on MyAccount Link..
17:50:47.013 [main] INFO  testCases.TC001_AccountRegistrationTest - Clicked on Register Link..
17:50:47.022 [main] INFO  testCases.TC001_AccountRegistrationTest - Providing customer details..
17:50:48.665 [main] INFO  testCases.TC001_AccountRegistrationTest - Validating expected message..
17:50:48.720 [main] INFO  testCases.TC001_AccountRegistrationTest - *** Finished TC001_AccountRegistrationTest ***
17:50:52.681 [main] INFO  testCases.TC002_LoginTest - *** Starting TC002_LoginTest ***
17:50:52.824 [main] INFO  testCases.TC002_LoginTest - Clicked on MyAccount Link..
17:50:53.124 [main] INFO  testCases.TC002_LoginTest - Clicked on Login Link..
17:50:53.125 [main] INFO  testCases.TC002_LoginTest - Providing login details..
17:50:53.545 [main] INFO  testCases.TC002_LoginTest - Confirmed MyAccount Page is Exits..
17:56:34.030 [main] DEBUG org.testng.TestNG - suiteXmlPath: "C:\Automation\myworkspaces\SeleniumWebDriver\OpencartV121\test-output\testng-failed.xml"
17:56:34.499 [main] INFO  org.testng.internal.Utils - [TestNG] Running:
  C:\Automation\myworkspaces\SeleniumWebDriver\OpencartV121\test-output\testng-failed.xml

17:56:41.756 [main] INFO  testCases.TC002_LoginTest - *** Starting TC002_LoginTest ***
17:56:41.986 [main] INFO  testCases.TC002_LoginTest - Clicked on MyAccount Link..
17:56:42.380 [main] INFO  testCases.TC002_LoginTest - Clicked on Login Link..
17:56:42.382 [main] INFO  testCases.TC002_LoginTest - Providing login details..
17:56:42.861 [main] INFO  testCases.TC002_LoginTest - Confirmed MyAccount Page is Exits..
17:56:43.636 [main] INFO  testCases.TC002_LoginTest - *** Finished TC002_LoginTest ***
18:06:25.661 [main] DEBUG org.testng.TestNG - suiteXmlPath: "C:\Automation\myworkspaces\SeleniumWebDriver\OpencartV121\master.xml"
18:06:26.317 [main] INFO  org.testng.internal.Utils - [TestNG] Running:
  C:\Automation\myworkspaces\SeleniumWebDriver\OpencartV121\master.xml

18:06:32.655 [main] INFO  testCases.TC001_AccountRegistrationTest - **** Starting TC001_AccountRegistrationTest ****
18:06:33.717 [main] INFO  testCases.TC001_AccountRegistrationTest - Clicked on MyAccount Link..
18:06:34.639 [main] INFO  testCases.TC001_AccountRegistrationTest - Clicked on Register Link..
18:06:34.649 [main] INFO  testCases.TC001_AccountRegistrationTest - Providing customer details..
18:06:36.654 [main] INFO  testCases.TC001_AccountRegistrationTest - Validating expected message..
18:06:36.722 [main] INFO  testCases.TC001_AccountRegistrationTest - *** Finished TC001_AccountRegistrationTest ***
18:06:41.005 [main] INFO  testCases.TC002_LoginTest - *** Starting TC002_LoginTest ***
18:06:41.631 [main] INFO  testCases.TC002_LoginTest - Clicked on MyAccount Link..
18:06:41.983 [main] INFO  testCases.TC002_LoginTest - Clicked on Login Link..
18:06:41.985 [main] INFO  testCases.TC002_LoginTest - Providing login details..
18:06:42.408 [main] INFO  testCases.TC002_LoginTest - Confirmed MyAccount Page is Exits..
18:06:43.419 [main] INFO  testCases.TC002_LoginTest - *** Finished TC002_LoginTest ***
18:08:40.431 [main] DEBUG org.testng.TestNG - suiteXmlPath: "C:\Automation\myworkspaces\SeleniumWebDriver\OpencartV121\master.xml"
18:08:40.923 [main] INFO  org.testng.internal.Utils - [TestNG] Running:
  C:\Automation\myworkspaces\SeleniumWebDriver\OpencartV121\master.xml

18:08:46.772 [main] INFO  testCases.TC001_AccountRegistrationTest - **** Starting TC001_AccountRegistrationTest ****
18:08:47.049 [main] INFO  testCases.TC001_AccountRegistrationTest - Clicked on MyAccount Link..
18:08:47.574 [main] INFO  testCases.TC001_AccountRegistrationTest - Clicked on Register Link..
18:08:47.577 [main] INFO  testCases.TC001_AccountRegistrationTest - Providing customer details..
18:08:49.283 [main] INFO  testCases.TC001_AccountRegistrationTest - Validating expected message..
18:08:49.343 [main] INFO  testCases.TC001_AccountRegistrationTest - *** Finished TC001_AccountRegistrationTest ***
18:08:54.504 [main] INFO  testCases.TC002_LoginTest - *** Starting TC002_LoginTest ***
18:08:56.436 [main] INFO  testCases.TC002_LoginTest - Clicked on MyAccount Link..
18:08:56.750 [main] INFO  testCases.TC002_LoginTest - Clicked on Login Link..
18:08:56.751 [main] INFO  testCases.TC002_LoginTest - Providing login details..
18:08:57.268 [main] INFO  testCases.TC002_LoginTest - Confirmed MyAccount Page is Exits..
18:12:04.068 [main] DEBUG org.testng.TestNG - suiteXmlPath: "C:\Automation\myworkspaces\SeleniumWebDriver\OpencartV121\master.xml"
18:12:04.697 [main] INFO  org.testng.internal.Utils - [TestNG] Running:
  C:\Automation\myworkspaces\SeleniumWebDriver\OpencartV121\master.xml

18:12:14.077 [main] INFO  testCases.TC001_AccountRegistrationTest - **** Starting TC001_AccountRegistrationTest ****
18:12:14.259 [main] INFO  testCases.TC001_AccountRegistrationTest - Clicked on MyAccount Link..
18:12:14.741 [main] INFO  testCases.TC001_AccountRegistrationTest - Clicked on Register Link..
18:12:14.745 [main] INFO  testCases.TC001_AccountRegistrationTest - Providing customer details..
18:12:16.377 [main] INFO  testCases.TC001_AccountRegistrationTest - Validating expected message..
18:12:16.430 [main] INFO  testCases.TC001_AccountRegistrationTest - Test Passed
18:12:16.430 [main] INFO  testCases.TC001_AccountRegistrationTest - *** Finished TC001_AccountRegistrationTest ***
18:12:20.820 [main] INFO  testCases.TC002_LoginTest - *** Starting TC002_LoginTest ***
18:12:21.190 [main] INFO  testCases.TC002_LoginTest - Clicked on MyAccount Link..
18:12:21.516 [main] INFO  testCases.TC002_LoginTest - Clicked on Login Link..
18:12:21.520 [main] INFO  testCases.TC002_LoginTest - Providing login details..
18:12:22.603 [main] INFO  testCases.TC002_LoginTest - Confirmed MyAccount Page is Exits..
18:12:22.653 [main] INFO  testCases.TC002_LoginTest - *** Finished TC002_LoginTest ***
19:41:43.339 [main] DEBUG org.testng.TestNG - suiteXmlPath: "C:\Automation\myworkspaces\SeleniumWebDriver\OpencartV121\master.xml"
19:41:43.855 [main] INFO  org.testng.internal.Utils - [TestNG] Running:
  C:\Automation\myworkspaces\SeleniumWebDriver\OpencartV121\master.xml

19:41:53.453 [main] INFO  testCases.TC001_AccountRegistrationTest - **** Starting TC001_AccountRegistrationTest ****
19:41:53.643 [main] INFO  testCases.TC001_AccountRegistrationTest - Clicked on MyAccount Link..
19:41:54.169 [main] INFO  testCases.TC001_AccountRegistrationTest - Clicked on Register Link..
19:41:54.174 [main] INFO  testCases.TC001_AccountRegistrationTest - Providing customer details..
19:41:56.077 [main] INFO  testCases.TC001_AccountRegistrationTest - Validating expected message..
19:41:56.132 [main] INFO  testCases.TC001_AccountRegistrationTest - Test Passed
19:41:56.132 [main] INFO  testCases.TC001_AccountRegistrationTest - *** Finished TC001_AccountRegistrationTest ***
19:42:01.218 [main] INFO  testCases.TC002_LoginTest - *** Starting TC002_LoginTest ***
19:42:01.372 [main] INFO  testCases.TC002_LoginTest - Clicked on MyAccount Link..
19:42:02.200 [main] INFO  testCases.TC002_LoginTest - Clicked on Login Link..
19:42:02.202 [main] INFO  testCases.TC002_LoginTest - Providing login details..
19:42:02.609 [main] INFO  testCases.TC002_LoginTest - Confirmed MyAccount Page is Exits..
19:42:03.404 [main] INFO  testCases.TC002_LoginTest - *** Finished TC002_LoginTest ***
19:44:03.883 [main] DEBUG org.testng.TestNG - suiteXmlPath: "C:\Automation\myworkspaces\SeleniumWebDriver\OpencartV121\master.xml"
19:44:04.525 [main] INFO  org.testng.internal.Utils - [TestNG] Running:
  C:\Automation\myworkspaces\SeleniumWebDriver\OpencartV121\master.xml

19:44:13.199 [main] INFO  testCases.TC001_AccountRegistrationTest - **** Starting TC001_AccountRegistrationTest ****
19:44:13.471 [main] INFO  testCases.TC001_AccountRegistrationTest - Clicked on MyAccount Link..
19:44:14.139 [main] INFO  testCases.TC001_AccountRegistrationTest - Clicked on Register Link..
19:44:14.148 [main] INFO  testCases.TC001_AccountRegistrationTest - Providing customer details..
19:44:15.897 [main] INFO  testCases.TC001_AccountRegistrationTest - Validating expected message..
19:44:15.967 [main] INFO  testCases.TC001_AccountRegistrationTest - Test Passed
19:44:15.967 [main] INFO  testCases.TC001_AccountRegistrationTest - *** Finished TC001_AccountRegistrationTest ***
19:44:19.962 [main] INFO  testCases.TC002_LoginTest - *** Starting TC002_LoginTest ***
19:44:20.147 [main] INFO  testCases.TC002_LoginTest - Clicked on MyAccount Link..
19:44:20.467 [main] INFO  testCases.TC002_LoginTest - Clicked on Login Link..
19:44:20.469 [main] INFO  testCases.TC002_LoginTest - Providing login details..
19:44:20.952 [main] INFO  testCases.TC002_LoginTest - Confirmed MyAccount Page is Exits..
19:44:21.862 [main] INFO  testCases.TC002_LoginTest - *** Finished TC002_LoginTest ***
19:49:35.237 [main] DEBUG org.testng.TestNG - suiteXmlPath: "C:\Automation\myworkspaces\SeleniumWebDriver\OpencartV121\crossbrowsertesting.xml"
19:49:35.752 [main] INFO  org.testng.internal.Utils - [TestNG] Running:
  C:\Automation\myworkspaces\SeleniumWebDriver\OpencartV121\crossbrowsertesting.xml

19:49:50.277 [TestNG-tests-1] INFO  testCases.TC001_AccountRegistrationTest - **** Starting TC001_AccountRegistrationTest ****
19:49:52.826 [TestNG-tests-2] INFO  testCases.TC001_AccountRegistrationTest - **** Starting TC001_AccountRegistrationTest ****
19:49:52.960 [TestNG-tests-1] INFO  testCases.TC001_AccountRegistrationTest - Clicked on MyAccount Link..
19:49:53.154 [TestNG-tests-2] INFO  testCases.TC001_AccountRegistrationTest - Clicked on MyAccount Link..
19:50:03.618 [TestNG-tests-1] ERROR testCases.TC001_AccountRegistrationTest - Test failed: element not interactable
  (Session info: MicrosoftEdge=143.0.3650.139)
Build info: version: '4.39.0', revision: '126f156aee'
System info: os.name: 'Windows 10', os.arch: 'amd64', os.version: '10.0', java.version: '21.0.8'
Driver info: org.openqa.selenium.remote.RemoteWebDriver
Command: [050d60a93244807018a1cfd3d71a8bf7, clickElement {id=f.0F15A06C30BA3929AF5821EDE69ABD0C.d.0B53BCE6E851DE797925229A4F362891.e.50}]
Capabilities {acceptInsecureCerts: false, browserName: MicrosoftEdge, browserVersion: 143.0.3650.139, fedcm:accounts: true, goog:processID: 18060, ms:edgeOptions: {debuggerAddress: localhost:57235}, msedge: {msedgedriverVersion: 143.0.3650.139 (30ed6d0ef65..., userDataDir: C:\Users\BALAGO~1\AppData\L...}, networkConnectionEnabled: false, pageLoadStrategy: normal, platformName: Windows 10, proxy: Proxy(), se:bidiEnabled: false, se:cdp: ws://192.168.175.1:4444/ses..., se:cdpVersion: 143.0.3650.139, setWindowRect: true, strictFileInteractability: false, timeouts: {implicit: 0, pageLoad: 300000, script: 30000}, unhandledPromptBehavior: dismiss and notify, webauthn:extension:credBlob: true, webauthn:extension:largeBlob: true, webauthn:extension:minPinLength: true, webauthn:extension:prf: true, webauthn:virtualAuthenticators: true}
Element: [[RemoteWebDriver: MicrosoftEdge on Windows 10 (050d60a93244807018a1cfd3d71a8bf7)] -> xpath: //a[normalize-space()='Register']]
Session ID: 050d60a93244807018a1cfd3d71a8bf7
19:50:03.624 [TestNG-tests-1] INFO  testCases.TC001_AccountRegistrationTest - *** Finished TC001_AccountRegistrationTest ***
19:50:12.459 [TestNG-tests-2] INFO  testCases.TC001_AccountRegistrationTest - Clicked on Register Link..
19:50:12.472 [TestNG-tests-2] INFO  testCases.TC001_AccountRegistrationTest - Providing customer details..
19:50:12.502 [TestNG-tests-2] ERROR testCases.TC001_AccountRegistrationTest - Test failed: Session ID is null. Using WebDriver after calling quit()?
Build info: version: '4.39.0', revision: '126f156aee'
System info: os.name: 'Windows 10', os.arch: 'amd64', os.version: '10.0', java.version: '21.0.8'
Driver info: org.openqa.selenium.remote.RemoteWebDriver
Command: [null, findElement {using=xpath, value=//input[@id='input-firstname']}]
Capabilities {acceptInsecureCerts: false, browserName: firefox, browserVersion: 143.0, moz:accessibilityChecks: false, moz:buildID: 20250908174027, moz:geckodriverVersion: 0.36.0, moz:headless: false, moz:platformVersion: 10.0, moz:processID: 17564, moz:profile: C:\Users\BALAGO~1\AppData\L..., moz:shutdownTimeout: 60000, moz:webdriverClick: true, moz:windowless: false, pageLoadStrategy: normal, platformName: Windows 10, proxy: Proxy(), se:bidiEnabled: false, se:cdpEnabled: false, setWindowRect: true, strictFileInteractability: false, timeouts: {implicit: 0, pageLoad: 300000, script: 30000}, unhandledPromptBehavior: dismiss and notify, userAgent: Mozilla/5.0 (Windows NT 10....}
19:50:12.503 [TestNG-tests-2] INFO  testCases.TC001_AccountRegistrationTest - *** Finished TC001_AccountRegistrationTest ***
19:55:31.516 [main] DEBUG org.testng.TestNG - suiteXmlPath: "C:\Automation\myworkspaces\SeleniumWebDriver\OpencartV121\master.xml"
19:55:32.055 [main] INFO  org.testng.internal.Utils - [TestNG] Running:
  C:\Automation\myworkspaces\SeleniumWebDriver\OpencartV121\master.xml

19:55:41.117 [main] INFO  testCases.TC001_AccountRegistrationTest - **** Starting TC001_AccountRegistrationTest ****
19:55:41.303 [main] INFO  testCases.TC001_AccountRegistrationTest - Clicked on MyAccount Link..
19:55:41.752 [main] INFO  testCases.TC001_AccountRegistrationTest - Clicked on Register Link..
19:55:41.759 [main] INFO  testCases.TC001_AccountRegistrationTest - Providing customer details..
19:55:43.755 [main] INFO  testCases.TC001_AccountRegistrationTest - Validating expected message..
19:55:43.812 [main] INFO  testCases.TC001_AccountRegistrationTest - Test Passed
19:55:43.812 [main] INFO  testCases.TC001_AccountRegistrationTest - *** Finished TC001_AccountRegistrationTest ***
19:55:47.863 [main] INFO  testCases.TC002_LoginTest - *** Starting TC002_LoginTest ***
19:55:48.021 [main] INFO  testCases.TC002_LoginTest - Clicked on MyAccount Link..
19:55:48.357 [main] INFO  testCases.TC002_LoginTest - Clicked on Login Link..
19:55:48.359 [main] INFO  testCases.TC002_LoginTest - Providing login details..
19:55:48.911 [main] INFO  testCases.TC002_LoginTest - Confirmed MyAccount Page is Exits..
19:55:49.809 [main] INFO  testCases.TC002_LoginTest - *** Finished TC002_LoginTest ***
19:56:17.715 [main] DEBUG org.testng.TestNG - suiteXmlPath: "C:\Automation\myworkspaces\SeleniumWebDriver\OpencartV121\master.xml"
19:56:18.194 [main] INFO  org.testng.internal.Utils - [TestNG] Running:
  C:\Automation\myworkspaces\SeleniumWebDriver\OpencartV121\master.xml

19:56:23.473 [main] INFO  testCases.TC001_AccountRegistrationTest - **** Starting TC001_AccountRegistrationTest ****
19:56:23.666 [main] INFO  testCases.TC001_AccountRegistrationTest - Clicked on MyAccount Link..
19:56:24.105 [main] INFO  testCases.TC001_AccountRegistrationTest - Clicked on Register Link..
19:56:24.111 [main] INFO  testCases.TC001_AccountRegistrationTest - Providing customer details..
19:56:25.533 [main] INFO  testCases.TC001_AccountRegistrationTest - Validating expected message..
19:56:35.600 [main] INFO  testCases.TC001_AccountRegistrationTest - *** Finished TC001_AccountRegistrationTest ***
19:56:40.859 [main] INFO  testCases.TC002_LoginTest - *** Starting TC002_LoginTest ***
19:56:41.007 [main] INFO  testCases.TC002_LoginTest - Clicked on MyAccount Link..
19:56:41.325 [main] INFO  testCases.TC002_LoginTest - Clicked on Login Link..
19:56:41.327 [main] INFO  testCases.TC002_LoginTest - Providing login details..
19:56:41.796 [main] INFO  testCases.TC002_LoginTest - Confirmed MyAccount Page is Exits..
19:56:42.694 [main] INFO  testCases.TC002_LoginTest - *** Finished TC002_LoginTest ***
19:56:57.872 [main] DEBUG org.testng.TestNG - suiteXmlPath: "C:\Automation\myworkspaces\SeleniumWebDriver\OpencartV121\master.xml"
19:56:58.426 [main] INFO  org.testng.internal.Utils - [TestNG] Running:
  C:\Automation\myworkspaces\SeleniumWebDriver\OpencartV121\master.xml

19:57:03.916 [main] INFO  testCases.TC001_AccountRegistrationTest - **** Starting TC001_AccountRegistrationTest ****
19:57:04.137 [main] INFO  testCases.TC001_AccountRegistrationTest - Clicked on MyAccount Link..
19:57:04.907 [main] INFO  testCases.TC001_AccountRegistrationTest - Clicked on Register Link..
19:57:04.916 [main] INFO  testCases.TC001_AccountRegistrationTest - Providing customer details..
19:57:06.748 [main] INFO  testCases.TC001_AccountRegistrationTest - Validating expected message..
19:57:06.847 [main] INFO  testCases.TC001_AccountRegistrationTest - Test Passed
19:57:06.847 [main] INFO  testCases.TC001_AccountRegistrationTest - *** Finished TC001_AccountRegistrationTest ***
19:57:11.541 [main] INFO  testCases.TC002_LoginTest - *** Starting TC002_LoginTest ***
19:57:11.705 [main] INFO  testCases.TC002_LoginTest - Clicked on MyAccount Link..
19:57:12.151 [main] INFO  testCases.TC002_LoginTest - Clicked on Login Link..
19:57:12.153 [main] INFO  testCases.TC002_LoginTest - Providing login details..
19:57:13.354 [main] INFO  testCases.TC002_LoginTest - Confirmed MyAccount Page is Exits..
19:57:13.417 [main] INFO  testCases.TC002_LoginTest - *** Finished TC002_LoginTest ***
19:57:42.915 [main] DEBUG org.testng.TestNG - suiteXmlPath: "C:\Automation\myworkspaces\SeleniumWebDriver\OpencartV121\master.xml"
19:57:43.377 [main] INFO  org.testng.internal.Utils - [TestNG] Running:
  C:\Automation\myworkspaces\SeleniumWebDriver\OpencartV121\master.xml

19:57:49.040 [main] INFO  testCases.TC001_AccountRegistrationTest - **** Starting TC001_AccountRegistrationTest ****
19:57:49.281 [main] INFO  testCases.TC001_AccountRegistrationTest - Clicked on MyAccount Link..
19:57:49.682 [main] INFO  testCases.TC001_AccountRegistrationTest - Clicked on Register Link..
19:57:49.686 [main] INFO  testCases.TC001_AccountRegistrationTest - Providing customer details..
19:57:51.480 [main] INFO  testCases.TC001_AccountRegistrationTest - Validating expected message..
19:57:51.532 [main] INFO  testCases.TC001_AccountRegistrationTest - Test Passed
19:57:51.532 [main] INFO  testCases.TC001_AccountRegistrationTest - *** Finished TC001_AccountRegistrationTest ***
19:57:56.013 [main] INFO  testCases.TC002_LoginTest - *** Starting TC002_LoginTest ***
19:57:57.994 [main] INFO  testCases.TC002_LoginTest - Clicked on MyAccount Link..
19:57:58.358 [main] INFO  testCases.TC002_LoginTest - Clicked on Login Link..
19:57:58.361 [main] INFO  testCases.TC002_LoginTest - Providing login details..
19:57:58.871 [main] INFO  testCases.TC002_LoginTest - Confirmed MyAccount Page is Exits..
19:57:59.788 [main] INFO  testCases.TC002_LoginTest - *** Finished TC002_LoginTest ***
19:58:22.955 [main] DEBUG org.testng.TestNG - suiteXmlPath: "C:\Automation\myworkspaces\SeleniumWebDriver\OpencartV121\master.xml"
19:58:23.419 [main] INFO  org.testng.internal.Utils - [TestNG] Running:
  C:\Automation\myworkspaces\SeleniumWebDriver\OpencartV121\master.xml

19:58:28.899 [main] INFO  testCases.TC001_AccountRegistrationTest - **** Starting TC001_AccountRegistrationTest ****
19:58:29.179 [main] INFO  testCases.TC001_AccountRegistrationTest - Clicked on MyAccount Link..
19:58:29.723 [main] INFO  testCases.TC001_AccountRegistrationTest - Clicked on Register Link..
19:58:29.729 [main] INFO  testCases.TC001_AccountRegistrationTest - Providing customer details..
19:58:31.386 [main] INFO  testCases.TC001_AccountRegistrationTest - Validating expected message..
19:58:31.468 [main] INFO  testCases.TC001_AccountRegistrationTest - Test Passed
19:58:31.468 [main] INFO  testCases.TC001_AccountRegistrationTest - *** Finished TC001_AccountRegistrationTest ***
19:58:36.526 [main] INFO  testCases.TC002_LoginTest - *** Starting TC002_LoginTest ***
19:58:40.916 [main] INFO  testCases.TC002_LoginTest - Clicked on MyAccount Link..
19:58:41.234 [main] INFO  testCases.TC002_LoginTest - Clicked on Login Link..
19:58:41.236 [main] INFO  testCases.TC002_LoginTest - Providing login details..
19:58:41.810 [main] INFO  testCases.TC002_LoginTest - Confirmed MyAccount Page is Exits..
19:58:42.679 [main] INFO  testCases.TC002_LoginTest - *** Finished TC002_LoginTest ***
19:00:04.446 [main] DEBUG org.testng.TestNG - suiteXmlPath: "C:\Automation\myworkspaces\SeleniumWebDriver\OpencartV121\master.xml"
19:00:20.031 [main] INFO  testCases.TC001_AccountRegistrationTest - **** Starting TC001_AccountRegistrationTest ****
19:00:21.084 [main] INFO  testCases.TC001_AccountRegistrationTest - Clicked on MyAccount Link..
19:00:22.186 [main] INFO  testCases.TC001_AccountRegistrationTest - Clicked on Register Link..
19:00:22.220 [main] INFO  testCases.TC001_AccountRegistrationTest - Providing customer details..
19:00:25.491 [main] INFO  testCases.TC001_AccountRegistrationTest - Validating expected message..
19:00:25.585 [main] INFO  testCases.TC001_AccountRegistrationTest - Test Passed
19:00:25.585 [main] INFO  testCases.TC001_AccountRegistrationTest - *** Finished TC001_AccountRegistrationTest ***
19:00:31.524 [main] INFO  testCases.TC002_LoginTest - *** Starting TC002_LoginTest ***
19:00:31.769 [main] INFO  testCases.TC002_LoginTest - Clicked on MyAccount Link..
19:00:32.165 [main] INFO  testCases.TC002_LoginTest - Clicked on Login Link..
19:00:32.189 [main] INFO  testCases.TC002_LoginTest - Providing login details..
19:00:32.741 [main] INFO  testCases.TC002_LoginTest - Confirmed MyAccount Page is Exits..
19:00:33.564 [main] INFO  testCases.TC002_LoginTest - *** Finished TC002_LoginTest ***
09:58:30.168 [main] DEBUG org.testng.TestNG - suiteXmlPath: "C:\Automation\myworkspaces\SeleniumWebDriver\OpencartV121\master.xml"
09:58:58.063 [main] INFO  testCases.TC001_AccountRegistrationTest - **** Starting TC001_AccountRegistrationTest ****
09:58:58.778 [main] INFO  testCases.TC001_AccountRegistrationTest - Clicked on MyAccount Link..
09:58:59.592 [main] INFO  testCases.TC001_AccountRegistrationTest - Clicked on Register Link..
09:58:59.674 [main] INFO  testCases.TC001_AccountRegistrationTest - Providing customer details..
09:59:02.511 [main] INFO  testCases.TC001_AccountRegistrationTest - Validating expected message..
09:59:02.620 [main] INFO  testCases.TC001_AccountRegistrationTest - Test Passed
09:59:02.621 [main] INFO  testCases.TC001_AccountRegistrationTest - *** Finished TC001_AccountRegistrationTest ***
09:59:10.660 [main] INFO  testCases.TC002_LoginTest - *** Starting TC002_LoginTest ***
09:59:10.872 [main] INFO  testCases.TC002_LoginTest - Clicked on MyAccount Link..
09:59:11.269 [main] INFO  testCases.TC002_LoginTest - Clicked on Login Link..
09:59:11.313 [main] INFO  testCases.TC002_LoginTest - Providing login details..
09:59:11.983 [main] INFO  testCases.TC002_LoginTest - Confirmed MyAccount Page is Exits..
09:59:12.833 [main] INFO  testCases.TC002_LoginTest - *** Finished TC002_LoginTest ***
16:54:07.561 [main] DEBUG org.testng.TestNG - suiteXmlPath: "C:\Automation\myworkspaces\SeleniumWebDriver\OpencartV121\master.xml"
16:54:28.212 [main] INFO  testCases.TC001_AccountRegistrationTest - **** Starting TC001_AccountRegistrationTest ****
16:54:29.198 [main] INFO  testCases.TC001_AccountRegistrationTest - Clicked on MyAccount Link..
16:54:29.950 [main] INFO  testCases.TC001_AccountRegistrationTest - Clicked on Register Link..
16:54:29.997 [main] INFO  testCases.TC001_AccountRegistrationTest - Providing customer details..
16:54:32.832 [main] INFO  testCases.TC001_AccountRegistrationTest - Validating expected message..
16:54:33.015 [main] INFO  testCases.TC001_AccountRegistrationTest - Test Passed
16:54:33.015 [main] INFO  testCases.TC001_AccountRegistrationTest - *** Finished TC001_AccountRegistrationTest ***
16:54:44.807 [main] INFO  testCases.TC002_LoginTest - *** Starting TC002_LoginTest ***
16:54:46.000 [main] INFO  testCases.TC002_LoginTest - Clicked on MyAccount Link..
16:54:46.444 [main] INFO  testCases.TC002_LoginTest - Clicked on Login Link..
16:54:46.487 [main] INFO  testCases.TC002_LoginTest - Providing login details..
16:54:48.672 [main] INFO  testCases.TC002_LoginTest - Confirmed MyAccount Page is Exits..
16:54:48.746 [main] INFO  testCases.TC002_LoginTest - *** Finished TC002_LoginTest ***
17:03:46.509 [main] DEBUG org.testng.TestNG - suiteXmlPath: "C:\Automation\myworkspaces\SeleniumWebDriver\OpencartV121\master.xml"
17:03:59.529 [main] INFO  testCases.TC001_AccountRegistrationTest - **** Starting TC001_AccountRegistrationTest ****
17:04:00.350 [main] INFO  testCases.TC001_AccountRegistrationTest - Clicked on MyAccount Link..
17:04:00.976 [main] INFO  testCases.TC001_AccountRegistrationTest - Clicked on Register Link..
17:04:00.988 [main] INFO  testCases.TC001_AccountRegistrationTest - Providing customer details..
17:04:04.010 [main] INFO  testCases.TC001_AccountRegistrationTest - Validating expected message..
17:04:04.079 [main] INFO  testCases.TC001_AccountRegistrationTest - Test Passed
17:04:04.080 [main] INFO  testCases.TC001_AccountRegistrationTest - *** Finished TC001_AccountRegistrationTest ***
17:04:11.409 [main] INFO  testCases.TC002_LoginTest - *** Starting TC002_LoginTest ***
17:04:11.688 [main] INFO  testCases.TC002_LoginTest - Clicked on MyAccount Link..
17:04:12.168 [main] INFO  testCases.TC002_LoginTest - Clicked on Login Link..
17:04:12.171 [main] INFO  testCases.TC002_LoginTest - Providing login details..
17:04:12.842 [main] INFO  testCases.TC002_LoginTest - Confirmed MyAccount Page is Exits..
17:04:13.656 [main] INFO  testCases.TC002_LoginTest - *** Finished TC002_LoginTest ***
