22:34:09.378 [main] DEBUG org.testng.TestNG - suiteXmlPath: "C:\Users\BALAGO~1\AppData\Local\Temp\testng-eclipse--1588191279\testng-customsuite.xml"
22:34:09.844 [main] INFO  org.testng.internal.Utils - [Utils] MethodGroupsHelper.collectMethodsByGroup() took 1 ms.
22:34:09.848 [main] INFO  org.testng.internal.Utils - [Utils] MethodGroupsHelper.sortMethods() took 1 ms.
22:34:09.851 [main] INFO  org.testng.internal.Utils - [Utils] MethodGroupsHelper.collectMethodsByGroup() took 0 ms.
22:34:09.851 [main] INFO  org.testng.internal.Utils - [Utils] MethodGroupsHelper.sortMethods() took 0 ms.
22:34:09.853 [main] INFO  org.testng.internal.Utils - [Utils] MethodGroupsHelper.collectMethodsByGroup() took 0 ms.
22:34:09.855 [main] INFO  org.testng.internal.Utils - [Utils] MethodGroupsHelper.sortMethods() took 0 ms.
22:34:09.855 [main] INFO  org.testng.internal.Utils - [Utils] MethodGroupsHelper.collectMethodsByGroup() took 0 ms.
22:34:09.856 [main] INFO  org.testng.internal.Utils - [Utils] MethodGroupsHelper.sortMethods() took 0 ms.
22:34:09.865 [main] INFO  org.testng.internal.Utils - [Utils] MethodGroupsHelper.collectMethodsByGroup() took 6 ms.
22:34:09.881 [main] INFO  org.testng.internal.Utils - [Utils] MethodGroupsHelper.sortMethods() took 15 ms.
22:34:09.889 [main] INFO  org.testng.internal.Utils - [Utils] MethodGroupsHelper.collectMethodsByGroup() took 0 ms.
22:34:09.890 [main] INFO  org.testng.internal.Utils - [Utils] MethodGroupsHelper.sortMethods() took 0 ms.
22:34:09.891 [main] INFO  org.testng.internal.Utils - [Utils] MethodGroupsHelper.collectMethodsByGroup() took 0 ms.
22:34:09.891 [main] INFO  org.testng.internal.Utils - [Utils] MethodGroupsHelper.sortMethods() took 0 ms.
22:34:09.892 [main] INFO  org.testng.internal.Utils - [Utils] MethodGroupsHelper.collectMethodsByGroup() took 0 ms.
22:34:09.892 [main] INFO  org.testng.internal.Utils - [Utils] MethodGroupsHelper.sortMethods() took 0 ms.
22:34:09.896 [main] INFO  org.testng.internal.Utils - [Utils] MethodGroupsHelper.collectMethodsByGroup() took 0 ms.
22:34:09.896 [main] INFO  org.testng.internal.Utils - [Utils] MethodGroupsHelper.sortMethods() took 0 ms.
22:34:09.897 [main] INFO  org.testng.internal.Utils - [Utils] MethodGroupsHelper.collectMethodsByGroup() took 0 ms.
22:34:09.897 [main] INFO  org.testng.internal.Utils - [Utils] MethodGroupsHelper.sortMethods() took 0 ms.
22:34:09.906 [main] INFO  org.testng.internal.Utils - [Utils] MethodGroupsHelper.collectMethodsByGroup() took 0 ms.
22:34:09.907 [main] INFO  org.testng.internal.Utils - [Utils] MethodGroupsHelper.sortMethods() took 0 ms.
22:34:09.907 [main] INFO  org.testng.internal.Utils - [Utils] MethodGroupsHelper.collectMethodsByGroup() took 0 ms.
22:34:09.907 [main] INFO  org.testng.internal.Utils - [Utils] MethodGroupsHelper.sortMethods() took 0 ms.
22:34:09.909 [main] INFO  org.testng.internal.Utils - [Utils] MethodGroupsHelper.collectMethodsByGroup() took 0 ms.
22:34:09.910 [main] INFO  org.testng.internal.Utils - [Utils] MethodGroupsHelper.sortMethods() took 0 ms.
22:34:09.912 [main] INFO  org.testng.internal.Utils - [Utils] MethodGroupsHelper.collectMethodsByGroup() took 0 ms.
22:34:09.913 [main] INFO  org.testng.internal.Utils - [Utils] MethodGroupsHelper.sortMethods() took 0 ms.
22:34:09.913 [main] INFO  org.testng.internal.Utils - [Utils] MethodGroupsHelper.collectMethodsByGroup() took 0 ms.
22:34:09.913 [main] INFO  org.testng.internal.Utils - [Utils] MethodGroupsHelper.sortMethods() took 0 ms.
22:34:09.927 [main] INFO  org.testng.internal.Utils - [TestNG] Running:
  C:\Users\Balagopaiah\AppData\Local\Temp\testng-eclipse--1588191279\testng-customsuite.xml

22:34:09.955 [main] INFO  org.testng.internal.Utils - [Utils] DynamicGraphHelper.createDynamicGraph() took 6 ms.
22:34:17.929 [main] INFO  testCases.TC001_AccountRegistrationTest - **** Starting TC001_AccountRegistrationTest ****
22:34:18.139 [main] INFO  testCases.TC001_AccountRegistrationTest - Clicked on MyAccount Link..
22:34:18.872 [main] INFO  testCases.TC001_AccountRegistrationTest - Clicked on Register Link..
22:34:18.878 [main] INFO  testCases.TC001_AccountRegistrationTest - Providing customer details..
22:34:20.882 [main] INFO  testCases.TC001_AccountRegistrationTest - Validating expected message..
22:34:20.959 [main] INFO  testCases.TC001_AccountRegistrationTest - *** Finished TC001_AccountRegistrationTest ***
22:34:21.649 [main] INFO  org.testng.internal.Utils - [TestNG] Time taken by org.testng.reporters.jq.Main@74fe5966: 100 ms
22:34:21.652 [main] INFO  org.testng.internal.Utils - [TestNG] Time taken by org.testng.reporters.FailedReporter@4a9486c0: 3 ms
22:34:21.664 [main] INFO  org.testng.internal.Utils - [TestNG] Time taken by org.testng.reporters.XMLReporter@49aa766b: 12 ms
22:34:21.678 [main] INFO  org.testng.internal.Utils - [TestNG] Time taken by org.testng.reporters.EmailableReporter2@3766c667: 14 ms
22:34:21.690 [main] INFO  org.testng.internal.Utils - [TestNG] Time taken by org.testng.reporters.JUnitReportReporter@1a5f7e7c: 10 ms
22:34:21.690 [main] INFO  org.testng.internal.Utils - [TestNG] Time taken by org.testng.internal.ExitCodeListener@5b22b970: 0 ms
22:37:41.627 [main] DEBUG org.testng.TestNG - suiteXmlPath: "C:\Users\BALAGO~1\AppData\Local\Temp\testng-eclipse--1401681652\testng-customsuite.xml"
22:37:42.069 [main] INFO  org.testng.internal.Utils - [Utils] MethodGroupsHelper.collectMethodsByGroup() took 1 ms.
22:37:42.075 [main] INFO  org.testng.internal.Utils - [Utils] MethodGroupsHelper.sortMethods() took 3 ms.
22:37:42.078 [main] INFO  org.testng.internal.Utils - [Utils] MethodGroupsHelper.collectMethodsByGroup() took 0 ms.
22:37:42.079 [main] INFO  org.testng.internal.Utils - [Utils] MethodGroupsHelper.sortMethods() took 0 ms.
22:37:42.080 [main] INFO  org.testng.internal.Utils - [Utils] MethodGroupsHelper.collectMethodsByGroup() took 0 ms.
22:37:42.080 [main] INFO  org.testng.internal.Utils - [Utils] MethodGroupsHelper.sortMethods() took 0 ms.
22:37:42.082 [main] INFO  org.testng.internal.Utils - [Utils] MethodGroupsHelper.collectMethodsByGroup() took 0 ms.
22:37:42.082 [main] INFO  org.testng.internal.Utils - [Utils] MethodGroupsHelper.sortMethods() took 0 ms.
22:37:42.095 [main] INFO  org.testng.internal.Utils - [Utils] MethodGroupsHelper.collectMethodsByGroup() took 8 ms.
22:37:42.107 [main] INFO  org.testng.internal.Utils - [Utils] MethodGroupsHelper.sortMethods() took 11 ms.
22:37:42.110 [main] INFO  org.testng.internal.Utils - [Utils] MethodGroupsHelper.collectMethodsByGroup() took 0 ms.
22:37:42.111 [main] INFO  org.testng.internal.Utils - [Utils] MethodGroupsHelper.sortMethods() took 0 ms.
22:37:42.112 [main] INFO  org.testng.internal.Utils - [Utils] MethodGroupsHelper.collectMethodsByGroup() took 0 ms.
22:37:42.112 [main] INFO  org.testng.internal.Utils - [Utils] MethodGroupsHelper.sortMethods() took 0 ms.
22:37:42.113 [main] INFO  org.testng.internal.Utils - [Utils] MethodGroupsHelper.collectMethodsByGroup() took 0 ms.
22:37:42.113 [main] INFO  org.testng.internal.Utils - [Utils] MethodGroupsHelper.sortMethods() took 0 ms.
22:37:42.115 [main] INFO  org.testng.internal.Utils - [Utils] MethodGroupsHelper.collectMethodsByGroup() took 0 ms.
22:37:42.116 [main] INFO  org.testng.internal.Utils - [Utils] MethodGroupsHelper.sortMethods() took 0 ms.
22:37:42.117 [main] INFO  org.testng.internal.Utils - [Utils] MethodGroupsHelper.collectMethodsByGroup() took 0 ms.
22:37:42.117 [main] INFO  org.testng.internal.Utils - [Utils] MethodGroupsHelper.sortMethods() took 0 ms.
22:37:42.120 [main] INFO  org.testng.internal.Utils - [Utils] MethodGroupsHelper.collectMethodsByGroup() took 0 ms.
22:37:42.120 [main] INFO  org.testng.internal.Utils - [Utils] MethodGroupsHelper.sortMethods() took 0 ms.
22:37:42.121 [main] INFO  org.testng.internal.Utils - [Utils] MethodGroupsHelper.collectMethodsByGroup() took 0 ms.
22:37:42.121 [main] INFO  org.testng.internal.Utils - [Utils] MethodGroupsHelper.sortMethods() took 0 ms.
22:37:42.122 [main] INFO  org.testng.internal.Utils - [Utils] MethodGroupsHelper.collectMethodsByGroup() took 0 ms.
22:37:42.123 [main] INFO  org.testng.internal.Utils - [Utils] MethodGroupsHelper.sortMethods() took 0 ms.
22:37:42.127 [main] INFO  org.testng.internal.Utils - [Utils] MethodGroupsHelper.collectMethodsByGroup() took 0 ms.
22:37:42.127 [main] INFO  org.testng.internal.Utils - [Utils] MethodGroupsHelper.sortMethods() took 0 ms.
22:37:42.127 [main] INFO  org.testng.internal.Utils - [Utils] MethodGroupsHelper.collectMethodsByGroup() took 0 ms.
22:37:42.127 [main] INFO  org.testng.internal.Utils - [Utils] MethodGroupsHelper.sortMethods() took 0 ms.
22:37:42.143 [main] INFO  org.testng.internal.Utils - [TestNG] Running:
  C:\Users\Balagopaiah\AppData\Local\Temp\testng-eclipse--1401681652\testng-customsuite.xml

22:37:42.176 [main] INFO  org.testng.internal.Utils - [Utils] DynamicGraphHelper.createDynamicGraph() took 7 ms.
22:37:47.804 [main] INFO  testCases.TC001_AccountRegistrationTest - **** Starting TC001_AccountRegistrationTest ****
22:37:48.321 [main] INFO  testCases.TC001_AccountRegistrationTest - Clicked on MyAccount Link..
22:37:49.104 [main] INFO  testCases.TC001_AccountRegistrationTest - Clicked on Register Link..
22:37:49.112 [main] INFO  testCases.TC001_AccountRegistrationTest - Providing customer details..
22:37:50.997 [main] INFO  testCases.TC001_AccountRegistrationTest - Validating expected message..
22:37:51.057 [main] INFO  testCases.TC001_AccountRegistrationTest - *** Finished TC001_AccountRegistrationTest ***
22:37:51.627 [main] INFO  org.testng.internal.Utils - [TestNG] Time taken by org.testng.reporters.jq.Main@25d3cfc8: 124 ms
22:37:51.632 [main] INFO  org.testng.internal.Utils - [TestNG] Time taken by org.testng.reporters.FailedReporter@74fe5966: 4 ms
22:37:51.649 [main] INFO  org.testng.internal.Utils - [TestNG] Time taken by org.testng.reporters.XMLReporter@20ed3303: 16 ms
22:37:51.661 [main] INFO  org.testng.internal.Utils - [TestNG] Time taken by org.testng.reporters.EmailableReporter2@26dcd8c0: 11 ms
22:37:51.669 [main] INFO  org.testng.internal.Utils - [TestNG] Time taken by org.testng.reporters.JUnitReportReporter@2dbd803f: 8 ms
22:37:51.670 [main] INFO  org.testng.internal.Utils - [TestNG] Time taken by org.testng.internal.ExitCodeListener@3e48e859: 0 ms
22:38:39.058 [main] INFO  org.testng.internal.Utils - [Utils] MethodGroupsHelper.collectMethodsByGroup() took 0 ms.
22:38:39.070 [main] INFO  org.testng.internal.Utils - [Utils] MethodGroupsHelper.sortMethods() took 4 ms.
22:38:39.074 [main] INFO  org.testng.internal.Utils - [Utils] MethodGroupsHelper.collectMethodsByGroup() took 0 ms.
22:38:39.074 [main] INFO  org.testng.internal.Utils - [Utils] MethodGroupsHelper.sortMethods() took 0 ms.
22:38:39.075 [main] INFO  org.testng.internal.Utils - [Utils] MethodGroupsHelper.collectMethodsByGroup() took 0 ms.
22:38:39.075 [main] INFO  org.testng.internal.Utils - [Utils] MethodGroupsHelper.sortMethods() took 0 ms.
22:38:39.076 [main] INFO  org.testng.internal.Utils - [Utils] MethodGroupsHelper.collectMethodsByGroup() took 0 ms.
22:38:39.077 [main] INFO  org.testng.internal.Utils - [Utils] MethodGroupsHelper.sortMethods() took 0 ms.
22:38:39.091 [main] INFO  org.testng.internal.Utils - [Utils] MethodGroupsHelper.collectMethodsByGroup() took 11 ms.
22:38:39.105 [main] INFO  org.testng.internal.Utils - [Utils] MethodGroupsHelper.sortMethods() took 12 ms.
22:38:39.107 [main] INFO  org.testng.internal.Utils - [Utils] MethodGroupsHelper.collectMethodsByGroup() took 0 ms.
22:38:39.108 [main] INFO  org.testng.internal.Utils - [Utils] MethodGroupsHelper.sortMethods() took 0 ms.
22:38:39.108 [main] INFO  org.testng.internal.Utils - [Utils] MethodGroupsHelper.collectMethodsByGroup() took 0 ms.
22:38:39.108 [main] INFO  org.testng.internal.Utils - [Utils] MethodGroupsHelper.sortMethods() took 0 ms.
22:38:39.109 [main] INFO  org.testng.internal.Utils - [Utils] MethodGroupsHelper.collectMethodsByGroup() took 0 ms.
22:38:39.109 [main] INFO  org.testng.internal.Utils - [Utils] MethodGroupsHelper.sortMethods() took 0 ms.
22:38:39.112 [main] INFO  org.testng.internal.Utils - [Utils] MethodGroupsHelper.collectMethodsByGroup() took 0 ms.
22:38:39.112 [main] INFO  org.testng.internal.Utils - [Utils] MethodGroupsHelper.sortMethods() took 0 ms.
22:38:39.113 [main] INFO  org.testng.internal.Utils - [Utils] MethodGroupsHelper.collectMethodsByGroup() took 0 ms.
22:38:39.113 [main] INFO  org.testng.internal.Utils - [Utils] MethodGroupsHelper.sortMethods() took 0 ms.
22:38:39.117 [main] INFO  org.testng.internal.Utils - [Utils] MethodGroupsHelper.collectMethodsByGroup() took 0 ms.
22:38:39.118 [main] INFO  org.testng.internal.Utils - [Utils] MethodGroupsHelper.sortMethods() took 0 ms.
22:38:39.118 [main] INFO  org.testng.internal.Utils - [Utils] MethodGroupsHelper.collectMethodsByGroup() took 0 ms.
22:38:39.118 [main] INFO  org.testng.internal.Utils - [Utils] MethodGroupsHelper.sortMethods() took 0 ms.
22:38:39.120 [main] INFO  org.testng.internal.Utils - [Utils] MethodGroupsHelper.collectMethodsByGroup() took 0 ms.
22:38:39.120 [main] INFO  org.testng.internal.Utils - [Utils] MethodGroupsHelper.sortMethods() took 0 ms.
22:38:39.122 [main] INFO  org.testng.internal.Utils - [Utils] MethodGroupsHelper.collectMethodsByGroup() took 0 ms.
22:38:39.123 [main] INFO  org.testng.internal.Utils - [Utils] MethodGroupsHelper.sortMethods() took 0 ms.
22:38:39.123 [main] INFO  org.testng.internal.Utils - [Utils] MethodGroupsHelper.collectMethodsByGroup() took 0 ms.
22:38:39.123 [main] INFO  org.testng.internal.Utils - [Utils] MethodGroupsHelper.sortMethods() took 0 ms.
22:38:39.139 [main] INFO  org.testng.internal.Utils - [TestNG] Running:
  C:\Users\Balagopaiah\AppData\Local\Temp\testng-eclipse--2071837615\testng-customsuite.xml

22:38:39.172 [main] INFO  org.testng.internal.Utils - [Utils] DynamicGraphHelper.createDynamicGraph() took 6 ms.
22:38:43.838 [main] INFO  testCases.TC001_AccountRegistrationTest - **** Starting TC001_AccountRegistrationTest ****
22:38:44.670 [main] INFO  testCases.TC001_AccountRegistrationTest - Clicked on MyAccount Link..
22:38:45.197 [main] INFO  testCases.TC001_AccountRegistrationTest - Clicked on Register Link..
22:38:45.205 [main] INFO  testCases.TC001_AccountRegistrationTest - Providing customer details..
22:38:47.069 [main] INFO  testCases.TC001_AccountRegistrationTest - Validating expected message..
22:38:47.142 [main] INFO  testCases.TC001_AccountRegistrationTest - *** Finished TC001_AccountRegistrationTest ***
22:38:47.742 [main] INFO  org.testng.internal.Utils - [TestNG] Time taken by org.testng.reporters.jq.Main@460b6d54: 103 ms
22:38:47.747 [main] INFO  org.testng.internal.Utils - [TestNG] Time taken by org.testng.reporters.FailedReporter@3a4ba480: 4 ms
22:38:47.768 [main] INFO  org.testng.internal.Utils - [TestNG] Time taken by org.testng.reporters.XMLReporter@74fe5966: 21 ms
22:38:47.781 [main] INFO  org.testng.internal.Utils - [TestNG] Time taken by org.testng.reporters.EmailableReporter2@49aa766b: 12 ms
22:38:47.793 [main] INFO  org.testng.internal.Utils - [TestNG] Time taken by org.testng.reporters.JUnitReportReporter@3eed0f5: 11 ms
22:38:47.794 [main] INFO  org.testng.internal.Utils - [TestNG] Time taken by org.testng.internal.ExitCodeListener@64030b91: 0 ms
22:39:45.169 [main] DEBUG org.testng.TestNG - suiteXmlPath: "C:\Users\BALAGO~1\AppData\Local\Temp\testng-eclipse-1075716516\testng-customsuite.xml"
22:39:45.625 [main] INFO  org.testng.internal.Utils - [Utils] MethodGroupsHelper.collectMethodsByGroup() took 0 ms.
22:39:45.631 [main] INFO  org.testng.internal.Utils - [Utils] MethodGroupsHelper.sortMethods() took 2 ms.
22:39:45.635 [main] INFO  org.testng.internal.Utils - [Utils] MethodGroupsHelper.collectMethodsByGroup() took 0 ms.
22:39:45.635 [main] INFO  org.testng.internal.Utils - [Utils] MethodGroupsHelper.sortMethods() took 0 ms.
22:39:45.637 [main] INFO  org.testng.internal.Utils - [Utils] MethodGroupsHelper.collectMethodsByGroup() took 0 ms.
22:39:45.637 [main] INFO  org.testng.internal.Utils - [Utils] MethodGroupsHelper.sortMethods() took 0 ms.
22:39:45.638 [main] INFO  org.testng.internal.Utils - [Utils] MethodGroupsHelper.collectMethodsByGroup() took 0 ms.
22:39:45.639 [main] INFO  org.testng.internal.Utils - [Utils] MethodGroupsHelper.sortMethods() took 0 ms.
22:39:45.655 [main] INFO  org.testng.internal.Utils - [Utils] MethodGroupsHelper.collectMethodsByGroup() took 10 ms.
22:39:45.671 [main] INFO  org.testng.internal.Utils - [Utils] MethodGroupsHelper.sortMethods() took 15 ms.
22:39:45.673 [main] INFO  org.testng.internal.Utils - [Utils] MethodGroupsHelper.collectMethodsByGroup() took 0 ms.
22:39:45.674 [main] INFO  org.testng.internal.Utils - [Utils] MethodGroupsHelper.sortMethods() took 0 ms.
22:39:45.675 [main] INFO  org.testng.internal.Utils - [Utils] MethodGroupsHelper.collectMethodsByGroup() took 0 ms.
22:39:45.675 [main] INFO  org.testng.internal.Utils - [Utils] MethodGroupsHelper.sortMethods() took 0 ms.
22:39:45.677 [main] INFO  org.testng.internal.Utils - [Utils] MethodGroupsHelper.collectMethodsByGroup() took 0 ms.
22:39:45.677 [main] INFO  org.testng.internal.Utils - [Utils] MethodGroupsHelper.sortMethods() took 0 ms.
22:39:45.680 [main] INFO  org.testng.internal.Utils - [Utils] MethodGroupsHelper.collectMethodsByGroup() took 0 ms.
22:39:45.681 [main] INFO  org.testng.internal.Utils - [Utils] MethodGroupsHelper.sortMethods() took 0 ms.
22:39:45.681 [main] INFO  org.testng.internal.Utils - [Utils] MethodGroupsHelper.collectMethodsByGroup() took 0 ms.
22:39:45.682 [main] INFO  org.testng.internal.Utils - [Utils] MethodGroupsHelper.sortMethods() took 0 ms.
22:39:45.685 [main] INFO  org.testng.internal.Utils - [Utils] MethodGroupsHelper.collectMethodsByGroup() took 0 ms.
22:39:45.685 [main] INFO  org.testng.internal.Utils - [Utils] MethodGroupsHelper.sortMethods() took 0 ms.
22:39:45.685 [main] INFO  org.testng.internal.Utils - [Utils] MethodGroupsHelper.collectMethodsByGroup() took 0 ms.
22:39:45.685 [main] INFO  org.testng.internal.Utils - [Utils] MethodGroupsHelper.sortMethods() took 0 ms.
22:39:45.687 [main] INFO  org.testng.internal.Utils - [Utils] MethodGroupsHelper.collectMethodsByGroup() took 0 ms.
22:39:45.688 [main] INFO  org.testng.internal.Utils - [Utils] MethodGroupsHelper.sortMethods() took 0 ms.
22:39:45.690 [main] INFO  org.testng.internal.Utils - [Utils] MethodGroupsHelper.collectMethodsByGroup() took 0 ms.
22:39:45.690 [main] INFO  org.testng.internal.Utils - [Utils] MethodGroupsHelper.sortMethods() took 0 ms.
22:39:45.690 [main] INFO  org.testng.internal.Utils - [Utils] MethodGroupsHelper.collectMethodsByGroup() took 0 ms.
22:39:45.690 [main] INFO  org.testng.internal.Utils - [Utils] MethodGroupsHelper.sortMethods() took 0 ms.
22:39:45.705 [main] INFO  org.testng.internal.Utils - [TestNG] Running:
  C:\Users\Balagopaiah\AppData\Local\Temp\testng-eclipse-1075716516\testng-customsuite.xml

22:39:45.735 [main] INFO  org.testng.internal.Utils - [Utils] DynamicGraphHelper.createDynamicGraph() took 5 ms.
22:39:54.350 [main] INFO  testCases.TC001_AccountRegistrationTest - **** Starting TC001_AccountRegistrationTest ****
22:39:56.518 [main] INFO  testCases.TC001_AccountRegistrationTest - Clicked on MyAccount Link..
22:39:57.370 [main] INFO  testCases.TC001_AccountRegistrationTest - Clicked on Register Link..
22:39:57.373 [main] INFO  testCases.TC001_AccountRegistrationTest - Providing customer details..
22:39:59.279 [main] INFO  testCases.TC001_AccountRegistrationTest - Validating expected message..
22:39:59.330 [main] ERROR testCases.TC001_AccountRegistrationTest - Test failed..
22:39:59.330 [main] DEBUG testCases.TC001_AccountRegistrationTest - Debug logs..
22:40:00.162 [main] INFO  org.testng.internal.Utils - [TestNG] Time taken by org.testng.reporters.jq.Main@629f066f: 199 ms
22:40:00.191 [main] INFO  org.testng.internal.Utils - [TestNG] Time taken by org.testng.reporters.FailedReporter@7ca0863b: 28 ms
22:40:00.215 [main] INFO  org.testng.internal.Utils - [TestNG] Time taken by org.testng.reporters.XMLReporter@682bd3c4: 23 ms
22:40:00.225 [main] INFO  org.testng.internal.Utils - [TestNG] Time taken by org.testng.reporters.EmailableReporter2@27fde870: 10 ms
22:40:00.237 [main] INFO  org.testng.internal.Utils - [TestNG] Time taken by org.testng.reporters.JUnitReportReporter@57c88764: 11 ms
22:40:00.238 [main] INFO  org.testng.internal.Utils - [TestNG] Time taken by org.testng.internal.ExitCodeListener@78faea5f: 1 ms
22:58:33.220 [main] DEBUG org.testng.TestNG - suiteXmlPath: "C:\Automation\myworkspaces\SeleniumWebDriver\OpencartV121\master.xml"
22:58:33.804 [main] INFO  org.testng.internal.Utils - [TestNG] Running:
  C:\Automation\myworkspaces\SeleniumWebDriver\OpencartV121\master.xml

22:58:42.832 [main] INFO  testCases.TC001_AccountRegistrationTest - **** Starting TC001_AccountRegistrationTest ****
22:58:43.473 [main] INFO  testCases.TC001_AccountRegistrationTest - Clicked on MyAccount Link..
22:58:43.923 [main] INFO  testCases.TC001_AccountRegistrationTest - Clicked on Register Link..
22:58:43.936 [main] INFO  testCases.TC001_AccountRegistrationTest - Providing customer details..
22:58:45.925 [main] INFO  testCases.TC001_AccountRegistrationTest - Validating expected message..
22:58:45.976 [main] ERROR testCases.TC001_AccountRegistrationTest - Test failed..
22:58:45.976 [main] DEBUG testCases.TC001_AccountRegistrationTest - Debug logs..
22:59:54.549 [main] DEBUG org.testng.TestNG - suiteXmlPath: "C:\Automation\myworkspaces\SeleniumWebDriver\OpencartV121\master.xml"
22:59:55.192 [main] INFO  org.testng.internal.Utils - [TestNG] Running:
  C:\Automation\myworkspaces\SeleniumWebDriver\OpencartV121\master.xml

23:00:01.139 [main] INFO  testCases.TC001_AccountRegistrationTest - **** Starting TC001_AccountRegistrationTest ****
23:03:16.997 [main] DEBUG org.testng.TestNG - suiteXmlPath: "C:\Automation\myworkspaces\SeleniumWebDriver\OpencartV121\master.xml"
23:03:17.500 [main] INFO  org.testng.internal.Utils - [TestNG] Running:
  C:\Automation\myworkspaces\SeleniumWebDriver\OpencartV121\master.xml

23:03:28.983 [main] INFO  testCases.TC001_AccountRegistrationTest - **** Starting TC001_AccountRegistrationTest ****
23:03:29.190 [main] INFO  testCases.TC001_AccountRegistrationTest - Clicked on MyAccount Link..
23:03:29.991 [main] INFO  testCases.TC001_AccountRegistrationTest - Clicked on Register Link..
23:03:30.001 [main] INFO  testCases.TC001_AccountRegistrationTest - Providing customer details..
23:03:31.990 [main] INFO  testCases.TC001_AccountRegistrationTest - Validating expected message..
23:03:32.050 [main] ERROR testCases.TC001_AccountRegistrationTest - Test failed..
23:03:32.050 [main] DEBUG testCases.TC001_AccountRegistrationTest - Debug logs..
23:07:40.782 [main] DEBUG org.testng.TestNG - suiteXmlPath: "C:\Automation\myworkspaces\SeleniumWebDriver\OpencartV121\master.xml"
23:07:41.338 [main] INFO  org.testng.internal.Utils - [TestNG] Running:
  C:\Automation\myworkspaces\SeleniumWebDriver\OpencartV121\master.xml

23:07:49.615 [main] INFO  testCases.TC001_AccountRegistrationTest - **** Starting TC001_AccountRegistrationTest ****
23:07:49.836 [main] INFO  testCases.TC001_AccountRegistrationTest - Clicked on MyAccount Link..
23:07:50.471 [main] INFO  testCases.TC001_AccountRegistrationTest - Clicked on Register Link..
23:07:50.475 [main] INFO  testCases.TC001_AccountRegistrationTest - Providing customer details..
23:07:52.367 [main] INFO  testCases.TC001_AccountRegistrationTest - Validating expected message..
23:07:52.431 [main] ERROR testCases.TC001_AccountRegistrationTest - Test failed..
23:07:52.431 [main] DEBUG testCases.TC001_AccountRegistrationTest - Debug logs..
23:09:23.831 [main] DEBUG org.testng.TestNG - suiteXmlPath: "C:\Automation\myworkspaces\SeleniumWebDriver\OpencartV121\master.xml"
23:09:24.306 [main] INFO  org.testng.internal.Utils - [TestNG] Running:
  C:\Automation\myworkspaces\SeleniumWebDriver\OpencartV121\master.xml

23:09:29.264 [main] INFO  testCases.TC001_AccountRegistrationTest - **** Starting TC001_AccountRegistrationTest ****
23:09:30.097 [main] INFO  testCases.TC001_AccountRegistrationTest - Clicked on MyAccount Link..
23:09:30.677 [main] INFO  testCases.TC001_AccountRegistrationTest - Clicked on Register Link..
23:09:30.683 [main] INFO  testCases.TC001_AccountRegistrationTest - Providing customer details..
23:09:32.719 [main] INFO  testCases.TC001_AccountRegistrationTest - Validating expected message..
23:09:32.796 [main] INFO  testCases.TC001_AccountRegistrationTest - *** Finished TC001_AccountRegistrationTest ***
23:13:28.227 [main] DEBUG org.testng.TestNG - suiteXmlPath: "C:\Automation\myworkspaces\SeleniumWebDriver\OpencartV121\crossbrowsertesting.xml"
23:13:28.847 [main] INFO  org.testng.internal.Utils - [TestNG] Running:
  C:\Automation\myworkspaces\SeleniumWebDriver\OpencartV121\crossbrowsertesting.xml

23:13:37.203 [main] INFO  testCases.TC001_AccountRegistrationTest - **** Starting TC001_AccountRegistrationTest ****
23:13:38.088 [main] INFO  testCases.TC001_AccountRegistrationTest - Clicked on MyAccount Link..
23:13:40.231 [main] INFO  testCases.TC001_AccountRegistrationTest - Clicked on Register Link..
23:13:40.240 [main] INFO  testCases.TC001_AccountRegistrationTest - Providing customer details..
23:13:42.072 [main] INFO  testCases.TC001_AccountRegistrationTest - Validating expected message..
23:13:42.144 [main] INFO  testCases.TC001_AccountRegistrationTest - *** Finished TC001_AccountRegistrationTest ***
23:13:50.235 [main] INFO  testCases.TC001_AccountRegistrationTest - **** Starting TC001_AccountRegistrationTest ****
23:14:06.909 [main] INFO  testCases.TC001_AccountRegistrationTest - **** Starting TC001_AccountRegistrationTest ****
23:14:08.659 [main] INFO  testCases.TC001_AccountRegistrationTest - Clicked on MyAccount Link..
23:14:39.067 [main] DEBUG org.testng.TestNG - suiteXmlPath: "C:\Automation\myworkspaces\SeleniumWebDriver\OpencartV121\crossbrowsertesting.xml"
23:14:39.574 [main] INFO  org.testng.internal.Utils - [TestNG] Running:
  C:\Automation\myworkspaces\SeleniumWebDriver\OpencartV121\crossbrowsertesting.xml

23:14:44.889 [main] INFO  testCases.TC001_AccountRegistrationTest - **** Starting TC001_AccountRegistrationTest ****
23:14:45.389 [main] INFO  testCases.TC001_AccountRegistrationTest - Clicked on MyAccount Link..
23:14:45.938 [main] INFO  testCases.TC001_AccountRegistrationTest - Clicked on Register Link..
23:14:45.949 [main] INFO  testCases.TC001_AccountRegistrationTest - Providing customer details..
23:14:47.705 [main] INFO  testCases.TC001_AccountRegistrationTest - Validating expected message..
23:14:47.751 [main] INFO  testCases.TC001_AccountRegistrationTest - *** Finished TC001_AccountRegistrationTest ***
23:14:52.237 [main] INFO  testCases.TC001_AccountRegistrationTest - **** Starting TC001_AccountRegistrationTest ****
23:14:52.401 [main] INFO  testCases.TC001_AccountRegistrationTest - Clicked on MyAccount Link..
23:14:52.960 [main] INFO  testCases.TC001_AccountRegistrationTest - Clicked on Register Link..
23:14:52.961 [main] INFO  testCases.TC001_AccountRegistrationTest - Providing customer details..
23:14:54.883 [main] INFO  testCases.TC001_AccountRegistrationTest - Validating expected message..
23:14:54.936 [main] INFO  testCases.TC001_AccountRegistrationTest - *** Finished TC001_AccountRegistrationTest ***
23:15:13.696 [main] INFO  testCases.TC001_AccountRegistrationTest - **** Starting TC001_AccountRegistrationTest ****
23:15:15.568 [main] INFO  testCases.TC001_AccountRegistrationTest - Clicked on MyAccount Link..
23:15:17.168 [main] INFO  testCases.TC001_AccountRegistrationTest - Clicked on Register Link..
23:15:17.169 [main] INFO  testCases.TC001_AccountRegistrationTest - Providing customer details..
23:15:18.902 [main] INFO  testCases.TC001_AccountRegistrationTest - Validating expected message..
23:15:19.041 [main] INFO  testCases.TC001_AccountRegistrationTest - *** Finished TC001_AccountRegistrationTest ***
23:16:37.913 [main] DEBUG org.testng.TestNG - suiteXmlPath: "C:\Automation\myworkspaces\SeleniumWebDriver\OpencartV121\crossbrowsertesting.xml"
23:16:38.414 [main] INFO  org.testng.internal.Utils - [TestNG] Running:
  C:\Automation\myworkspaces\SeleniumWebDriver\OpencartV121\crossbrowsertesting.xml

23:16:48.504 [TestNG-tests-2] INFO  testCases.TC001_AccountRegistrationTest - **** Starting TC001_AccountRegistrationTest ****
23:16:49.321 [TestNG-tests-2] INFO  testCases.TC001_AccountRegistrationTest - Clicked on MyAccount Link..
23:16:50.896 [TestNG-tests-2] INFO  testCases.TC001_AccountRegistrationTest - Clicked on Register Link..
23:16:50.900 [TestNG-tests-2] INFO  testCases.TC001_AccountRegistrationTest - Providing customer details..
23:16:57.066 [TestNG-tests-2] INFO  testCases.TC001_AccountRegistrationTest - Validating expected message..
23:16:57.210 [TestNG-tests-1] INFO  testCases.TC001_AccountRegistrationTest - **** Starting TC001_AccountRegistrationTest ****
23:16:57.217 [TestNG-tests-2] INFO  testCases.TC001_AccountRegistrationTest - *** Finished TC001_AccountRegistrationTest ***
23:17:00.631 [TestNG-tests-3] INFO  testCases.TC001_AccountRegistrationTest - **** Starting TC001_AccountRegistrationTest ****
23:17:00.954 [TestNG-tests-3] INFO  testCases.TC001_AccountRegistrationTest - Clicked on MyAccount Link..
23:17:01.517 [TestNG-tests-3] INFO  testCases.TC001_AccountRegistrationTest - Clicked on Register Link..
23:17:01.518 [TestNG-tests-3] INFO  testCases.TC001_AccountRegistrationTest - Providing customer details..
23:17:02.845 [TestNG-tests-3] INFO  testCases.TC001_AccountRegistrationTest - Validating expected message..
23:17:02.889 [TestNG-tests-3] INFO  testCases.TC001_AccountRegistrationTest - *** Finished TC001_AccountRegistrationTest ***
23:17:43.129 [main] DEBUG org.testng.TestNG - suiteXmlPath: "C:\Automation\myworkspaces\SeleniumWebDriver\OpencartV121\crossbrowsertesting.xml"
23:17:43.610 [main] INFO  org.testng.internal.Utils - [TestNG] Running:
  C:\Automation\myworkspaces\SeleniumWebDriver\OpencartV121\crossbrowsertesting.xml

23:17:53.282 [TestNG-tests-2] INFO  testCases.TC001_AccountRegistrationTest - **** Starting TC001_AccountRegistrationTest ****
23:17:54.099 [TestNG-tests-2] INFO  testCases.TC001_AccountRegistrationTest - Clicked on MyAccount Link..
23:17:54.957 [TestNG-tests-2] INFO  testCases.TC001_AccountRegistrationTest - Clicked on Register Link..
23:17:54.961 [TestNG-tests-2] INFO  testCases.TC001_AccountRegistrationTest - Providing customer details..
23:17:57.782 [TestNG-tests-2] INFO  testCases.TC001_AccountRegistrationTest - Validating expected message..
23:17:57.991 [TestNG-tests-2] INFO  testCases.TC001_AccountRegistrationTest - *** Finished TC001_AccountRegistrationTest ***
23:17:59.134 [TestNG-tests-3] INFO  testCases.TC001_AccountRegistrationTest - **** Starting TC001_AccountRegistrationTest ****
23:17:59.337 [TestNG-tests-3] INFO  testCases.TC001_AccountRegistrationTest - Clicked on MyAccount Link..
23:17:59.894 [TestNG-tests-3] INFO  testCases.TC001_AccountRegistrationTest - Clicked on Register Link..
23:17:59.895 [TestNG-tests-3] INFO  testCases.TC001_AccountRegistrationTest - Providing customer details..
23:18:00.241 [TestNG-tests-1] INFO  testCases.TC001_AccountRegistrationTest - **** Starting TC001_AccountRegistrationTest ****
23:18:01.437 [TestNG-tests-3] INFO  testCases.TC001_AccountRegistrationTest - Validating expected message..
23:18:01.476 [TestNG-tests-3] INFO  testCases.TC001_AccountRegistrationTest - *** Finished TC001_AccountRegistrationTest ***
23:19:22.975 [main] DEBUG org.testng.TestNG - suiteXmlPath: "C:\Automation\myworkspaces\SeleniumWebDriver\OpencartV121\crossbrowsertesting.xml"
23:19:23.581 [main] INFO  org.testng.internal.Utils - [TestNG] Running:
  C:\Automation\myworkspaces\SeleniumWebDriver\OpencartV121\crossbrowsertesting.xml

23:19:35.208 [TestNG-tests-2] INFO  testCases.TC001_AccountRegistrationTest - **** Starting TC001_AccountRegistrationTest ****
23:19:35.877 [TestNG-tests-2] INFO  testCases.TC001_AccountRegistrationTest - Clicked on MyAccount Link..
23:19:38.329 [TestNG-tests-3] INFO  testCases.TC001_AccountRegistrationTest - **** Starting TC001_AccountRegistrationTest ****
23:19:38.546 [TestNG-tests-3] INFO  testCases.TC001_AccountRegistrationTest - Clicked on MyAccount Link..
23:19:38.689 [TestNG-tests-2] INFO  testCases.TC001_AccountRegistrationTest - Clicked on Register Link..
23:19:38.692 [TestNG-tests-2] INFO  testCases.TC001_AccountRegistrationTest - Providing customer details..
23:19:39.330 [TestNG-tests-3] INFO  testCases.TC001_AccountRegistrationTest - Clicked on Register Link..
23:19:39.331 [TestNG-tests-3] INFO  testCases.TC001_AccountRegistrationTest - Providing customer details..
23:19:42.374 [TestNG-tests-3] INFO  testCases.TC001_AccountRegistrationTest - Validating expected message..
23:19:42.417 [TestNG-tests-3] INFO  testCases.TC001_AccountRegistrationTest - *** Finished TC001_AccountRegistrationTest ***
23:19:42.797 [TestNG-tests-2] INFO  testCases.TC001_AccountRegistrationTest - Validating expected message..
23:19:42.873 [TestNG-tests-2] INFO  testCases.TC001_AccountRegistrationTest - *** Finished TC001_AccountRegistrationTest ***
23:19:45.709 [TestNG-tests-1] INFO  testCases.TC001_AccountRegistrationTest - **** Starting TC001_AccountRegistrationTest ****
23:19:45.857 [TestNG-tests-1] INFO  testCases.TC001_AccountRegistrationTest - Clicked on MyAccount Link..
23:19:46.712 [TestNG-tests-1] INFO  testCases.TC001_AccountRegistrationTest - Clicked on Register Link..
23:19:46.714 [TestNG-tests-1] INFO  testCases.TC001_AccountRegistrationTest - Providing customer details..
23:19:48.679 [TestNG-tests-1] INFO  testCases.TC001_AccountRegistrationTest - Validating expected message..
23:19:48.738 [TestNG-tests-1] INFO  testCases.TC001_AccountRegistrationTest - *** Finished TC001_AccountRegistrationTest ***
23:34:59.483 [main] DEBUG org.testng.TestNG - suiteXmlPath: "C:\Automation\myworkspaces\SeleniumWebDriver\OpencartV121\master.xml"
23:35:00.108 [main] INFO  org.testng.internal.Utils - [TestNG] Running:
  C:\Automation\myworkspaces\SeleniumWebDriver\OpencartV121\master.xml

23:35:11.518 [main] INFO  testCases.TC001_AccountRegistrationTest - **** Starting TC001_AccountRegistrationTest ****
23:35:11.773 [main] INFO  testCases.TC001_AccountRegistrationTest - Clicked on MyAccount Link..
23:35:12.548 [main] INFO  testCases.TC001_AccountRegistrationTest - Clicked on Register Link..
23:35:12.556 [main] INFO  testCases.TC001_AccountRegistrationTest - Providing customer details..
23:35:14.774 [main] INFO  testCases.TC001_AccountRegistrationTest - Validating expected message..
23:35:14.816 [main] INFO  testCases.TC001_AccountRegistrationTest - *** Finished TC001_AccountRegistrationTest ***
16:59:25.962 [main] DEBUG org.testng.TestNG - suiteXmlPath: "C:\Automation\myworkspaces\SeleniumWebDriver\OpencartV121\master.xml"
16:59:26.480 [main] INFO  org.testng.internal.Utils - [TestNG] Running:
  C:\Automation\myworkspaces\SeleniumWebDriver\OpencartV121\master.xml

16:59:39.357 [main] INFO  testCases.TC001_AccountRegistrationTest - **** Starting TC001_AccountRegistrationTest ****
16:59:40.278 [main] INFO  testCases.TC001_AccountRegistrationTest - Clicked on MyAccount Link..
16:59:40.926 [main] INFO  testCases.TC001_AccountRegistrationTest - Clicked on Register Link..
16:59:40.985 [main] INFO  testCases.TC001_AccountRegistrationTest - Providing customer details..
16:59:42.647 [main] INFO  testCases.TC001_AccountRegistrationTest - Validating expected message..
16:59:42.776 [main] INFO  testCases.TC001_AccountRegistrationTest - *** Finished TC001_AccountRegistrationTest ***
17:35:48.356 [main] DEBUG org.testng.TestNG - suiteXmlPath: "C:\Automation\myworkspaces\SeleniumWebDriver\OpencartV121\master.xml"
17:35:48.843 [main] INFO  org.testng.internal.Utils - [TestNG] Running:
  C:\Automation\myworkspaces\SeleniumWebDriver\OpencartV121\master.xml

17:35:56.072 [main] INFO  testCases.TC002_LoginTest - *** Starting TC002_LoginTest ***
17:35:58.719 [main] INFO  testCases.TC002_LoginTest - *** Finished TC002_LoginTest ***
17:41:22.375 [main] DEBUG org.testng.TestNG - suiteXmlPath: "C:\Automation\myworkspaces\SeleniumWebDriver\OpencartV121\master.xml"
17:41:22.942 [main] INFO  org.testng.internal.Utils - [TestNG] Running:
  C:\Automation\myworkspaces\SeleniumWebDriver\OpencartV121\master.xml

17:41:28.290 [main] INFO  testCases.TC002_LoginTest - *** Starting TC002_LoginTest ***
17:41:29.330 [main] INFO  testCases.TC002_LoginTest - Clicked on MyAccount Link..
17:41:30.144 [main] INFO  testCases.TC002_LoginTest - Clicked on Login Link..
17:41:30.149 [main] INFO  testCases.TC002_LoginTest - Providing login details..
17:41:32.048 [main] INFO  testCases.TC002_LoginTest - Confirmed MyAccount Page is Exits..
17:41:32.112 [main] INFO  testCases.TC002_LoginTest - *** Finished TC002_LoginTest ***
17:43:46.599 [main] DEBUG org.testng.TestNG - suiteXmlPath: "C:\Automation\myworkspaces\SeleniumWebDriver\OpencartV121\master.xml"
17:43:47.179 [main] INFO  org.testng.internal.Utils - [TestNG] Running:
  C:\Automation\myworkspaces\SeleniumWebDriver\OpencartV121\master.xml

17:43:53.978 [main] INFO  testCases.TC002_LoginTest - *** Starting TC002_LoginTest ***
17:43:54.745 [main] INFO  testCases.TC002_LoginTest - Clicked on MyAccount Link..
17:43:55.079 [main] INFO  testCases.TC002_LoginTest - Clicked on Login Link..
17:43:55.083 [main] INFO  testCases.TC002_LoginTest - Providing login details..
17:43:56.340 [main] INFO  testCases.TC002_LoginTest - Confirmed MyAccount Page is Exits..
17:43:56.426 [main] INFO  testCases.TC002_LoginTest - *** Finished TC002_LoginTest ***
19:20:50.089 [main] DEBUG org.testng.TestNG - suiteXmlPath: "C:\Automation\myworkspaces\SeleniumWebDriver\OpencartV121\master.xml"
19:20:50.682 [main] INFO  org.testng.internal.Utils - [TestNG] Running:
  C:\Automation\myworkspaces\SeleniumWebDriver\OpencartV121\master.xml

19:20:59.446 [main] DEBUG org.apache.poi.openxml4j.opc.PackageRelationshipCollection - Parsing relationship: /xl/_rels/workbook.xml.rels
19:20:59.451 [main] DEBUG org.apache.poi.openxml4j.opc.PackageRelationshipCollection - Parsing relationship: /xl/worksheets/_rels/sheet1.xml.rels
19:20:59.455 [main] DEBUG org.apache.poi.openxml4j.opc.PackageRelationshipCollection - Parsing relationship: /_rels/.rels
19:21:01.405 [main] DEBUG org.apache.poi.openxml4j.opc.PackageRelationshipCollection - Parsing relationship: /xl/_rels/workbook.xml.rels
19:21:01.410 [main] DEBUG org.apache.poi.openxml4j.opc.PackageRelationshipCollection - Parsing relationship: /xl/worksheets/_rels/sheet1.xml.rels
19:21:01.414 [main] DEBUG org.apache.poi.openxml4j.opc.PackageRelationshipCollection - Parsing relationship: /_rels/.rels
19:21:01.472 [main] DEBUG org.apache.poi.openxml4j.opc.PackageRelationshipCollection - Parsing relationship: /xl/_rels/workbook.xml.rels
19:21:01.474 [main] DEBUG org.apache.poi.openxml4j.opc.PackageRelationshipCollection - Parsing relationship: /xl/worksheets/_rels/sheet1.xml.rels
19:21:01.476 [main] DEBUG org.apache.poi.openxml4j.opc.PackageRelationshipCollection - Parsing relationship: /_rels/.rels
19:21:01.544 [main] DEBUG org.apache.poi.openxml4j.opc.PackageRelationshipCollection - Parsing relationship: /xl/_rels/workbook.xml.rels
19:21:01.546 [main] DEBUG org.apache.poi.openxml4j.opc.PackageRelationshipCollection - Parsing relationship: /xl/worksheets/_rels/sheet1.xml.rels
19:21:01.548 [main] DEBUG org.apache.poi.openxml4j.opc.PackageRelationshipCollection - Parsing relationship: /_rels/.rels
19:21:01.592 [main] DEBUG org.apache.poi.openxml4j.opc.PackageRelationshipCollection - Parsing relationship: /xl/_rels/workbook.xml.rels
19:21:01.594 [main] DEBUG org.apache.poi.openxml4j.opc.PackageRelationshipCollection - Parsing relationship: /xl/worksheets/_rels/sheet1.xml.rels
19:21:01.597 [main] DEBUG org.apache.poi.openxml4j.opc.PackageRelationshipCollection - Parsing relationship: /_rels/.rels
19:21:01.639 [main] DEBUG org.apache.poi.openxml4j.opc.PackageRelationshipCollection - Parsing relationship: /xl/_rels/workbook.xml.rels
19:21:01.642 [main] DEBUG org.apache.poi.openxml4j.opc.PackageRelationshipCollection - Parsing relationship: /xl/worksheets/_rels/sheet1.xml.rels
19:21:01.647 [main] DEBUG org.apache.poi.openxml4j.opc.PackageRelationshipCollection - Parsing relationship: /_rels/.rels
19:21:01.736 [main] DEBUG org.apache.poi.openxml4j.opc.PackageRelationshipCollection - Parsing relationship: /xl/_rels/workbook.xml.rels
19:21:01.737 [main] DEBUG org.apache.poi.openxml4j.opc.PackageRelationshipCollection - Parsing relationship: /xl/worksheets/_rels/sheet1.xml.rels
19:21:01.739 [main] DEBUG org.apache.poi.openxml4j.opc.PackageRelationshipCollection - Parsing relationship: /_rels/.rels
19:21:01.793 [main] DEBUG org.apache.poi.openxml4j.opc.PackageRelationshipCollection - Parsing relationship: /xl/_rels/workbook.xml.rels
19:21:01.795 [main] DEBUG org.apache.poi.openxml4j.opc.PackageRelationshipCollection - Parsing relationship: /xl/worksheets/_rels/sheet1.xml.rels
19:21:01.797 [main] DEBUG org.apache.poi.openxml4j.opc.PackageRelationshipCollection - Parsing relationship: /_rels/.rels
19:21:01.846 [main] DEBUG org.apache.poi.openxml4j.opc.PackageRelationshipCollection - Parsing relationship: /xl/_rels/workbook.xml.rels
19:21:01.851 [main] DEBUG org.apache.poi.openxml4j.opc.PackageRelationshipCollection - Parsing relationship: /xl/worksheets/_rels/sheet1.xml.rels
19:21:01.853 [main] DEBUG org.apache.poi.openxml4j.opc.PackageRelationshipCollection - Parsing relationship: /_rels/.rels
19:21:01.899 [main] DEBUG org.apache.poi.openxml4j.opc.PackageRelationshipCollection - Parsing relationship: /xl/_rels/workbook.xml.rels
19:21:01.901 [main] DEBUG org.apache.poi.openxml4j.opc.PackageRelationshipCollection - Parsing relationship: /xl/worksheets/_rels/sheet1.xml.rels
19:21:01.902 [main] DEBUG org.apache.poi.openxml4j.opc.PackageRelationshipCollection - Parsing relationship: /_rels/.rels
19:21:01.948 [main] DEBUG org.apache.poi.openxml4j.opc.PackageRelationshipCollection - Parsing relationship: /xl/_rels/workbook.xml.rels
19:21:01.949 [main] DEBUG org.apache.poi.openxml4j.opc.PackageRelationshipCollection - Parsing relationship: /xl/worksheets/_rels/sheet1.xml.rels
19:21:01.951 [main] DEBUG org.apache.poi.openxml4j.opc.PackageRelationshipCollection - Parsing relationship: /_rels/.rels
19:21:02.000 [main] DEBUG org.apache.poi.openxml4j.opc.PackageRelationshipCollection - Parsing relationship: /xl/_rels/workbook.xml.rels
19:21:02.002 [main] DEBUG org.apache.poi.openxml4j.opc.PackageRelationshipCollection - Parsing relationship: /xl/worksheets/_rels/sheet1.xml.rels
19:21:02.003 [main] DEBUG org.apache.poi.openxml4j.opc.PackageRelationshipCollection - Parsing relationship: /_rels/.rels
19:21:02.038 [main] DEBUG org.apache.poi.openxml4j.opc.PackageRelationshipCollection - Parsing relationship: /xl/_rels/workbook.xml.rels
19:21:02.039 [main] DEBUG org.apache.poi.openxml4j.opc.PackageRelationshipCollection - Parsing relationship: /xl/worksheets/_rels/sheet1.xml.rels
19:21:02.041 [main] DEBUG org.apache.poi.openxml4j.opc.PackageRelationshipCollection - Parsing relationship: /_rels/.rels
19:21:02.074 [main] DEBUG org.apache.poi.openxml4j.opc.PackageRelationshipCollection - Parsing relationship: /xl/_rels/workbook.xml.rels
19:21:02.075 [main] DEBUG org.apache.poi.openxml4j.opc.PackageRelationshipCollection - Parsing relationship: /xl/worksheets/_rels/sheet1.xml.rels
19:21:02.076 [main] DEBUG org.apache.poi.openxml4j.opc.PackageRelationshipCollection - Parsing relationship: /_rels/.rels
19:21:02.116 [main] DEBUG org.apache.poi.openxml4j.opc.PackageRelationshipCollection - Parsing relationship: /xl/_rels/workbook.xml.rels
19:21:02.118 [main] DEBUG org.apache.poi.openxml4j.opc.PackageRelationshipCollection - Parsing relationship: /xl/worksheets/_rels/sheet1.xml.rels
19:21:02.119 [main] DEBUG org.apache.poi.openxml4j.opc.PackageRelationshipCollection - Parsing relationship: /_rels/.rels
19:21:02.152 [main] DEBUG org.apache.poi.openxml4j.opc.PackageRelationshipCollection - Parsing relationship: /xl/_rels/workbook.xml.rels
19:21:02.154 [main] DEBUG org.apache.poi.openxml4j.opc.PackageRelationshipCollection - Parsing relationship: /xl/worksheets/_rels/sheet1.xml.rels
19:21:02.155 [main] DEBUG org.apache.poi.openxml4j.opc.PackageRelationshipCollection - Parsing relationship: /_rels/.rels
19:21:02.186 [main] DEBUG org.apache.poi.openxml4j.opc.PackageRelationshipCollection - Parsing relationship: /xl/_rels/workbook.xml.rels
19:21:02.188 [main] DEBUG org.apache.poi.openxml4j.opc.PackageRelationshipCollection - Parsing relationship: /xl/worksheets/_rels/sheet1.xml.rels
19:21:02.189 [main] DEBUG org.apache.poi.openxml4j.opc.PackageRelationshipCollection - Parsing relationship: /_rels/.rels
19:21:02.243 [main] INFO  testCases.TC003_LoginDDT - *** Starting TC003_LoginDDT ***
19:21:05.048 [main] INFO  testCases.TC003_LoginDDT - *** Finished TC003_LoginDDT ***
19:21:05.065 [main] INFO  testCases.TC003_LoginDDT - *** Starting TC003_LoginDDT ***
19:21:16.699 [main] INFO  testCases.TC003_LoginDDT - *** Finished TC003_LoginDDT ***
19:21:16.705 [main] INFO  testCases.TC003_LoginDDT - *** Starting TC003_LoginDDT ***
19:21:28.279 [main] INFO  testCases.TC003_LoginDDT - *** Finished TC003_LoginDDT ***
19:21:28.289 [main] INFO  testCases.TC003_LoginDDT - *** Starting TC003_LoginDDT ***
19:21:39.052 [main] INFO  testCases.TC003_LoginDDT - *** Finished TC003_LoginDDT ***
19:21:39.059 [main] INFO  testCases.TC003_LoginDDT - *** Starting TC003_LoginDDT ***
19:21:50.539 [main] INFO  testCases.TC003_LoginDDT - *** Finished TC003_LoginDDT ***
19:29:20.052 [main] DEBUG org.testng.TestNG - suiteXmlPath: "C:\Automation\myworkspaces\SeleniumWebDriver\OpencartV121\master.xml"
19:29:20.522 [main] INFO  org.testng.internal.Utils - [TestNG] Running:
  C:\Automation\myworkspaces\SeleniumWebDriver\OpencartV121\master.xml

19:29:28.018 [main] DEBUG org.apache.poi.openxml4j.opc.PackageRelationshipCollection - Parsing relationship: /xl/_rels/workbook.xml.rels
19:29:28.025 [main] DEBUG org.apache.poi.openxml4j.opc.PackageRelationshipCollection - Parsing relationship: /xl/worksheets/_rels/sheet1.xml.rels
19:29:28.044 [main] DEBUG org.apache.poi.openxml4j.opc.PackageRelationshipCollection - Parsing relationship: /_rels/.rels
19:29:29.160 [main] DEBUG org.apache.poi.openxml4j.opc.PackageRelationshipCollection - Parsing relationship: /xl/_rels/workbook.xml.rels
19:29:29.162 [main] DEBUG org.apache.poi.openxml4j.opc.PackageRelationshipCollection - Parsing relationship: /xl/worksheets/_rels/sheet1.xml.rels
19:29:29.165 [main] DEBUG org.apache.poi.openxml4j.opc.PackageRelationshipCollection - Parsing relationship: /_rels/.rels
19:29:29.224 [main] DEBUG org.apache.poi.openxml4j.opc.PackageRelationshipCollection - Parsing relationship: /xl/_rels/workbook.xml.rels
19:29:29.226 [main] DEBUG org.apache.poi.openxml4j.opc.PackageRelationshipCollection - Parsing relationship: /xl/worksheets/_rels/sheet1.xml.rels
19:29:29.229 [main] DEBUG org.apache.poi.openxml4j.opc.PackageRelationshipCollection - Parsing relationship: /_rels/.rels
19:29:29.302 [main] DEBUG org.apache.poi.openxml4j.opc.PackageRelationshipCollection - Parsing relationship: /xl/_rels/workbook.xml.rels
19:29:29.304 [main] DEBUG org.apache.poi.openxml4j.opc.PackageRelationshipCollection - Parsing relationship: /xl/worksheets/_rels/sheet1.xml.rels
19:29:29.307 [main] DEBUG org.apache.poi.openxml4j.opc.PackageRelationshipCollection - Parsing relationship: /_rels/.rels
19:29:29.373 [main] DEBUG org.apache.poi.openxml4j.opc.PackageRelationshipCollection - Parsing relationship: /xl/_rels/workbook.xml.rels
19:29:29.375 [main] DEBUG org.apache.poi.openxml4j.opc.PackageRelationshipCollection - Parsing relationship: /xl/worksheets/_rels/sheet1.xml.rels
19:29:29.378 [main] DEBUG org.apache.poi.openxml4j.opc.PackageRelationshipCollection - Parsing relationship: /_rels/.rels
19:29:29.425 [main] DEBUG org.apache.poi.openxml4j.opc.PackageRelationshipCollection - Parsing relationship: /xl/_rels/workbook.xml.rels
19:29:29.428 [main] DEBUG org.apache.poi.openxml4j.opc.PackageRelationshipCollection - Parsing relationship: /xl/worksheets/_rels/sheet1.xml.rels
19:29:29.435 [main] DEBUG org.apache.poi.openxml4j.opc.PackageRelationshipCollection - Parsing relationship: /_rels/.rels
19:29:29.501 [main] DEBUG org.apache.poi.openxml4j.opc.PackageRelationshipCollection - Parsing relationship: /xl/_rels/workbook.xml.rels
19:29:29.502 [main] DEBUG org.apache.poi.openxml4j.opc.PackageRelationshipCollection - Parsing relationship: /xl/worksheets/_rels/sheet1.xml.rels
19:29:29.504 [main] DEBUG org.apache.poi.openxml4j.opc.PackageRelationshipCollection - Parsing relationship: /_rels/.rels
19:29:29.554 [main] DEBUG org.apache.poi.openxml4j.opc.PackageRelationshipCollection - Parsing relationship: /xl/_rels/workbook.xml.rels
19:29:29.556 [main] DEBUG org.apache.poi.openxml4j.opc.PackageRelationshipCollection - Parsing relationship: /xl/worksheets/_rels/sheet1.xml.rels
19:29:29.557 [main] DEBUG org.apache.poi.openxml4j.opc.PackageRelationshipCollection - Parsing relationship: /_rels/.rels
19:29:29.603 [main] DEBUG org.apache.poi.openxml4j.opc.PackageRelationshipCollection - Parsing relationship: /xl/_rels/workbook.xml.rels
19:29:29.604 [main] DEBUG org.apache.poi.openxml4j.opc.PackageRelationshipCollection - Parsing relationship: /xl/worksheets/_rels/sheet1.xml.rels
19:29:29.606 [main] DEBUG org.apache.poi.openxml4j.opc.PackageRelationshipCollection - Parsing relationship: /_rels/.rels
